Archive member included because of file (symbol)

e:/course/1/winavr/bin/../lib/gcc/avr/4.3.3/avr5\libgcc.a(_mulsi3.o)
                              ./MCAL/TIMER.o (__mulsi3)
e:/course/1/winavr/bin/../lib/gcc/avr/4.3.3/avr5\libgcc.a(_udivmodhi4.o)
                              ./MCAL/TIMER.o (__udivmodhi4)
e:/course/1/winavr/bin/../lib/gcc/avr/4.3.3/avr5\libgcc.a(_udivmodsi4.o)
                              ./MCAL/TIMER.o (__udivmodsi4)
e:/course/1/winavr/bin/../lib/gcc/avr/4.3.3/avr5\libgcc.a(_divmodsi4.o)
                              ./HALL/LCD.o (__divmodsi4)
e:/course/1/winavr/bin/../lib/gcc/avr/4.3.3/avr5\libgcc.a(_exit.o)
                              e:/course/1/winavr/bin/../lib/gcc/avr/4.3.3/../../../../avr/lib/avr5/crtm32.o (exit)
e:/course/1/winavr/bin/../lib/gcc/avr/4.3.3/avr5\libgcc.a(_copy_data.o)
                              ./app/login.o (__do_copy_data)
e:/course/1/winavr/bin/../lib/gcc/avr/4.3.3/avr5\libgcc.a(_clear_bss.o)
                              ./app/login.o (__do_clear_bss)
e:/course/1/winavr/bin/../lib/gcc/avr/4.3.3/avr5\libgcc.a(_fixunssfsi.o)
                              ./HALL/TEMP.o (__fixunssfsi)
e:/course/1/winavr/bin/../lib/gcc/avr/4.3.3/avr5\libgcc.a(_addsub_sf.o)
                              e:/course/1/winavr/bin/../lib/gcc/avr/4.3.3/avr5\libgcc.a(_fixunssfsi.o) (__subsf3)
e:/course/1/winavr/bin/../lib/gcc/avr/4.3.3/avr5\libgcc.a(_mul_sf.o)
                              ./HALL/TEMP.o (__mulsf3)
e:/course/1/winavr/bin/../lib/gcc/avr/4.3.3/avr5\libgcc.a(_div_sf.o)
                              ./HALL/TEMP.o (__divsf3)
e:/course/1/winavr/bin/../lib/gcc/avr/4.3.3/avr5\libgcc.a(_ge_sf.o)
                              e:/course/1/winavr/bin/../lib/gcc/avr/4.3.3/avr5\libgcc.a(_fixunssfsi.o) (__gesf2)
e:/course/1/winavr/bin/../lib/gcc/avr/4.3.3/avr5\libgcc.a(_sf_to_si.o)
                              e:/course/1/winavr/bin/../lib/gcc/avr/4.3.3/avr5\libgcc.a(_fixunssfsi.o) (__fixsfsi)
e:/course/1/winavr/bin/../lib/gcc/avr/4.3.3/avr5\libgcc.a(_thenan_sf.o)
                              e:/course/1/winavr/bin/../lib/gcc/avr/4.3.3/avr5\libgcc.a(_addsub_sf.o) (__thenan_sf)
e:/course/1/winavr/bin/../lib/gcc/avr/4.3.3/avr5\libgcc.a(_usi_to_sf.o)
                              ./HALL/TEMP.o (__floatunsisf)
e:/course/1/winavr/bin/../lib/gcc/avr/4.3.3/avr5\libgcc.a(_prologue.o)
                              e:/course/1/winavr/bin/../lib/gcc/avr/4.3.3/avr5\libgcc.a(_addsub_sf.o) (__prologue_saves__)
e:/course/1/winavr/bin/../lib/gcc/avr/4.3.3/avr5\libgcc.a(_epilogue.o)
                              e:/course/1/winavr/bin/../lib/gcc/avr/4.3.3/avr5\libgcc.a(_addsub_sf.o) (__epilogue_restores__)
e:/course/1/winavr/bin/../lib/gcc/avr/4.3.3/avr5\libgcc.a(_clzsi2.o)
                              e:/course/1/winavr/bin/../lib/gcc/avr/4.3.3/avr5\libgcc.a(_usi_to_sf.o) (__clzsi2)
e:/course/1/winavr/bin/../lib/gcc/avr/4.3.3/avr5\libgcc.a(_pack_sf.o)
                              e:/course/1/winavr/bin/../lib/gcc/avr/4.3.3/avr5\libgcc.a(_addsub_sf.o) (__pack_f)
e:/course/1/winavr/bin/../lib/gcc/avr/4.3.3/avr5\libgcc.a(_unpack_sf.o)
                              e:/course/1/winavr/bin/../lib/gcc/avr/4.3.3/avr5\libgcc.a(_addsub_sf.o) (__unpack_f)
e:/course/1/winavr/bin/../lib/gcc/avr/4.3.3/avr5\libgcc.a(_fpcmp_parts_sf.o)
                              e:/course/1/winavr/bin/../lib/gcc/avr/4.3.3/avr5\libgcc.a(_ge_sf.o) (__fpcmp_parts_f)
e:/course/1/winavr/bin/../lib/gcc/avr/4.3.3/avr5\libgcc.a(_clz.o)
                              e:/course/1/winavr/bin/../lib/gcc/avr/4.3.3/avr5\libgcc.a(_clzsi2.o) (__clz_tab)

Allocating common symbols
Common symbol       size              file

x                   0x2               ./main.o

Memory Configuration

Name             Origin             Length             Attributes
text             0x00000000         0x00020000         xr
data             0x00800060         0x0000ffa0         rw !x
eeprom           0x00810000         0x00010000         rw !x
fuse             0x00820000         0x00000400         rw !x
lock             0x00830000         0x00000400         rw !x
signature        0x00840000         0x00000400         rw !x
*default*        0x00000000         0xffffffff

Linker script and memory map

LOAD e:/course/1/winavr/bin/../lib/gcc/avr/4.3.3/../../../../avr/lib/avr5/crtm32.o
LOAD ./app/login.o
LOAD ./app/menu.o
LOAD ./MCAL/ADC.o
LOAD ./MCAL/DIO.o
LOAD ./MCAL/EXT_INTERRUPT.o
LOAD ./MCAL/I2C.o
LOAD ./MCAL/TIMER.o
LOAD ./MCAL/UART.o
LOAD ./HALL/BUZZER.o
LOAD ./HALL/EEPROM.o
LOAD ./HALL/KEYPAD.o
LOAD ./HALL/LCD.o
LOAD ./HALL/LED.o
LOAD ./HALL/Servo.o
LOAD ./HALL/TEMP.o
LOAD ./main.o
LOAD e:/course/1/winavr/bin/../lib/gcc/avr/4.3.3/avr5\libgcc.a
LOAD e:/course/1/winavr/bin/../lib/gcc/avr/4.3.3/../../../../avr/lib/avr5\libc.a
LOAD e:/course/1/winavr/bin/../lib/gcc/avr/4.3.3/avr5\libgcc.a

.hash
 *(.hash)

.dynsym
 *(.dynsym)

.dynstr
 *(.dynstr)

.gnu.version
 *(.gnu.version)

.gnu.version_d
 *(.gnu.version_d)

.gnu.version_r
 *(.gnu.version_r)

.rel.init
 *(.rel.init)

.rela.init
 *(.rela.init)

.rel.text
 *(.rel.text)
 *(.rel.text.*)
 *(.rel.gnu.linkonce.t*)

.rela.text
 *(.rela.text)
 *(.rela.text.*)
 *(.rela.gnu.linkonce.t*)

.rel.fini
 *(.rel.fini)

.rela.fini
 *(.rela.fini)

.rel.rodata
 *(.rel.rodata)
 *(.rel.rodata.*)
 *(.rel.gnu.linkonce.r*)

.rela.rodata
 *(.rela.rodata)
 *(.rela.rodata.*)
 *(.rela.gnu.linkonce.r*)

.rel.data
 *(.rel.data)
 *(.rel.data.*)
 *(.rel.gnu.linkonce.d*)

.rela.data
 *(.rela.data)
 *(.rela.data.*)
 *(.rela.gnu.linkonce.d*)

.rel.ctors
 *(.rel.ctors)

.rela.ctors
 *(.rela.ctors)

.rel.dtors
 *(.rel.dtors)

.rela.dtors
 *(.rela.dtors)

.rel.got
 *(.rel.got)

.rela.got
 *(.rela.got)

.rel.bss
 *(.rel.bss)

.rela.bss
 *(.rela.bss)

.rel.plt
 *(.rel.plt)

.rela.plt
 *(.rela.plt)

.text           0x00000000     0x2c80
 *(.vectors)
 .vectors       0x00000000       0x54 e:/course/1/winavr/bin/../lib/gcc/avr/4.3.3/../../../../avr/lib/avr5/crtm32.o
                0x00000000                __vectors
                0x00000000                __vector_default
 *(.vectors)
 *(.progmem.gcc*)
 *(.progmem*)
                0x00000054                . = ALIGN (0x2)
                0x00000054                __trampolines_start = .
 *(.trampolines)
 .trampolines   0x00000054        0x0 linker stubs
 *(.trampolines*)
                0x00000054                __trampolines_end = .
 *(.jumptables)
 *(.jumptables*)
 *(.lowtext)
 *(.lowtext*)
                0x00000054                __ctors_start = .
 *(.ctors)
                0x00000054                __ctors_end = .
                0x00000054                __dtors_start = .
 *(.dtors)
                0x00000054                __dtors_end = .
 SORT(*)(.ctors)
 SORT(*)(.dtors)
 *(.init0)
 .init0         0x00000054        0x0 e:/course/1/winavr/bin/../lib/gcc/avr/4.3.3/../../../../avr/lib/avr5/crtm32.o
                0x00000054                __init
 *(.init0)
 *(.init1)
 *(.init1)
 *(.init2)
 .init2         0x00000054        0xc e:/course/1/winavr/bin/../lib/gcc/avr/4.3.3/../../../../avr/lib/avr5/crtm32.o
 *(.init2)
 *(.init3)
 *(.init3)
 *(.init4)
 .init4         0x00000060       0x16 e:/course/1/winavr/bin/../lib/gcc/avr/4.3.3/avr5\libgcc.a(_copy_data.o)
                0x00000060                __do_copy_data
 .init4         0x00000076       0x10 e:/course/1/winavr/bin/../lib/gcc/avr/4.3.3/avr5\libgcc.a(_clear_bss.o)
                0x00000076                __do_clear_bss
 *(.init4)
 *(.init5)
 *(.init5)
 *(.init6)
 *(.init6)
 *(.init7)
 *(.init7)
 *(.init8)
 *(.init8)
 *(.init9)
 .init9         0x00000086        0x8 e:/course/1/winavr/bin/../lib/gcc/avr/4.3.3/../../../../avr/lib/avr5/crtm32.o
 *(.init9)
 *(.text)
 .text          0x0000008e        0x4 e:/course/1/winavr/bin/../lib/gcc/avr/4.3.3/../../../../avr/lib/avr5/crtm32.o
                0x0000008e                __vector_1
                0x0000008e                __vector_12
                0x0000008e                __bad_interrupt
                0x0000008e                __vector_3
                0x0000008e                __vector_11
                0x0000008e                __vector_13
                0x0000008e                __vector_17
                0x0000008e                __vector_19
                0x0000008e                __vector_7
                0x0000008e                __vector_5
                0x0000008e                __vector_4
                0x0000008e                __vector_2
                0x0000008e                __vector_15
                0x0000008e                __vector_8
                0x0000008e                __vector_14
                0x0000008e                __vector_10
                0x0000008e                __vector_16
                0x0000008e                __vector_18
                0x0000008e                __vector_20
 .text          0x00000092        0x0 ./app/login.o
 .text          0x00000092        0x0 ./app/menu.o
 .text          0x00000092        0x0 ./MCAL/ADC.o
 .text          0x00000092        0x0 ./MCAL/DIO.o
 .text          0x00000092        0x0 ./MCAL/EXT_INTERRUPT.o
 .text          0x00000092        0x0 ./MCAL/I2C.o
 .text          0x00000092        0x0 ./MCAL/TIMER.o
 .text          0x00000092        0x0 ./MCAL/UART.o
 .text          0x00000092        0x0 ./HALL/BUZZER.o
 .text          0x00000092        0x0 ./HALL/EEPROM.o
 .text          0x00000092        0x0 ./HALL/KEYPAD.o
 .text          0x00000092        0x0 ./HALL/LCD.o
 .text          0x00000092        0x0 ./HALL/LED.o
 .text          0x00000092        0x0 ./HALL/Servo.o
 .text          0x00000092        0x0 ./HALL/TEMP.o
 .text          0x00000092        0x0 ./main.o
 .text          0x00000092        0x0 e:/course/1/winavr/bin/../lib/gcc/avr/4.3.3/avr5\libgcc.a(_mulsi3.o)
 .text          0x00000092        0x0 e:/course/1/winavr/bin/../lib/gcc/avr/4.3.3/avr5\libgcc.a(_udivmodhi4.o)
 .text          0x00000092        0x0 e:/course/1/winavr/bin/../lib/gcc/avr/4.3.3/avr5\libgcc.a(_udivmodsi4.o)
 .text          0x00000092        0x0 e:/course/1/winavr/bin/../lib/gcc/avr/4.3.3/avr5\libgcc.a(_divmodsi4.o)
 .text          0x00000092        0x0 e:/course/1/winavr/bin/../lib/gcc/avr/4.3.3/avr5\libgcc.a(_exit.o)
 .text          0x00000092        0x0 e:/course/1/winavr/bin/../lib/gcc/avr/4.3.3/avr5\libgcc.a(_copy_data.o)
 .text          0x00000092        0x0 e:/course/1/winavr/bin/../lib/gcc/avr/4.3.3/avr5\libgcc.a(_clear_bss.o)
 .text          0x00000092       0x58 e:/course/1/winavr/bin/../lib/gcc/avr/4.3.3/avr5\libgcc.a(_fixunssfsi.o)
                0x00000092                __fixunssfsi
 .text          0x000000ea      0x354 e:/course/1/winavr/bin/../lib/gcc/avr/4.3.3/avr5\libgcc.a(_addsub_sf.o)
                0x00000382                __subsf3
                0x000003e4                __addsf3
 .text          0x0000043e      0x1f4 e:/course/1/winavr/bin/../lib/gcc/avr/4.3.3/avr5\libgcc.a(_mul_sf.o)
                0x0000043e                __mulsf3
 .text          0x00000632      0x158 e:/course/1/winavr/bin/../lib/gcc/avr/4.3.3/avr5\libgcc.a(_div_sf.o)
                0x00000632                __divsf3
 .text          0x0000078a       0x60 e:/course/1/winavr/bin/../lib/gcc/avr/4.3.3/avr5\libgcc.a(_ge_sf.o)
                0x0000078a                __gesf2
 .text          0x000007ea       0xa8 e:/course/1/winavr/bin/../lib/gcc/avr/4.3.3/avr5\libgcc.a(_sf_to_si.o)
                0x000007ea                __fixsfsi
 .text          0x00000892        0x0 e:/course/1/winavr/bin/../lib/gcc/avr/4.3.3/avr5\libgcc.a(_thenan_sf.o)
 .text          0x00000892       0xf2 e:/course/1/winavr/bin/../lib/gcc/avr/4.3.3/avr5\libgcc.a(_usi_to_sf.o)
                0x00000892                __floatunsisf
 .text          0x00000984        0x0 e:/course/1/winavr/bin/../lib/gcc/avr/4.3.3/avr5\libgcc.a(_prologue.o)
 .text          0x00000984        0x0 e:/course/1/winavr/bin/../lib/gcc/avr/4.3.3/avr5\libgcc.a(_epilogue.o)
 .text          0x00000984       0x9e e:/course/1/winavr/bin/../lib/gcc/avr/4.3.3/avr5\libgcc.a(_clzsi2.o)
                0x00000984                __clzsi2
 .text          0x00000a22      0x1aa e:/course/1/winavr/bin/../lib/gcc/avr/4.3.3/avr5\libgcc.a(_pack_sf.o)
                0x00000a22                __pack_f
 .text          0x00000bcc       0xf0 e:/course/1/winavr/bin/../lib/gcc/avr/4.3.3/avr5\libgcc.a(_unpack_sf.o)
                0x00000bcc                __unpack_f
 .text          0x00000cbc       0xb2 e:/course/1/winavr/bin/../lib/gcc/avr/4.3.3/avr5\libgcc.a(_fpcmp_parts_sf.o)
                0x00000cbc                __fpcmp_parts_f
 .text          0x00000d6e        0x0 e:/course/1/winavr/bin/../lib/gcc/avr/4.3.3/avr5\libgcc.a(_clz.o)
                0x00000d6e                . = ALIGN (0x2)
 *(.text.*)
 .text.get_char
                0x00000d6e       0x22 ./app/login.o
                0x00000d6e                get_char
 .text.restore  0x00000d90       0x7e ./app/login.o
                0x00000d90                restore
 .text.add_admin
                0x00000e0e      0x12a ./app/login.o
                0x00000e0e                add_admin
 .text.check_exist
                0x00000f38       0xba ./app/login.o
                0x00000f38                check_exist
 .text.check1   0x00000ff2       0xee ./app/login.o
                0x00000ff2                check1
 .text.delete_user
                0x000010e0      0x160 ./app/login.o
                0x000010e0                delete_user
 .text.add_user1
                0x00001240      0x246 ./app/login.o
                0x00001240                add_user1
 .text.login    0x00001486      0x1e8 ./app/login.o
                0x00001486                login
 .text.temp     0x0000166e       0x84 ./app/menu.o
                0x0000166e                temp
 .text.door     0x000016f2       0x66 ./app/menu.o
                0x000016f2                door
 .text.leds     0x00001758      0x26a ./app/menu.o
                0x00001758                leds
 .text.user_menu
                0x000019c2       0x6c ./app/menu.o
                0x000019c2                user_menu
 .text.admin_menu
                0x00001a2e       0x90 ./app/menu.o
                0x00001a2e                admin_menu
 .text.add_remove
                0x00001abe      0x126 ./app/menu.o
                0x00001abe                add_remove
 .text.ADC_vinit
                0x00001be4        0xc ./MCAL/ADC.o
                0x00001be4                ADC_vinit
 .text.ADC_u16Read
                0x00001bf0       0x1a ./MCAL/ADC.o
                0x00001bf0                ADC_u16Read
 .text.DIO_SetPortDir
                0x00001c0a       0x22 ./MCAL/DIO.o
                0x00001c0a                DIO_SetPortDir
 .text.DIO_SetPinDir
                0x00001c2c       0xe8 ./MCAL/DIO.o
                0x00001c2c                DIO_SetPinDir
 .text.DIO_SetPortVal
                0x00001d14       0x22 ./MCAL/DIO.o
                0x00001d14                DIO_SetPortVal
 .text.DIO_SetPinVal
                0x00001d36       0xe8 ./MCAL/DIO.o
                0x00001d36                DIO_SetPinVal
 .text.DIO_GetPortVal
                0x00001e1e       0x24 ./MCAL/DIO.o
                0x00001e1e                DIO_GetPortVal
 .text.DIO_GetPinVal
                0x00001e42       0x40 ./MCAL/DIO.o
                0x00001e42                DIO_GetPinVal
 .text.DIO_TogllePin
                0x00001e82       0x6a ./MCAL/DIO.o
                0x00001e82                DIO_TogllePin
 .text.DIO_SetPullUpRes
                0x00001eec       0x6a ./MCAL/DIO.o
                0x00001eec                DIO_SetPullUpRes
 .text.INTERRUPT_ENABLE
                0x00001f56        0x8 ./MCAL/EXT_INTERRUPT.o
                0x00001f56                INTERRUPT_ENABLE
 .text.EXT_INT0_INIT
                0x00001f5e       0x14 ./MCAL/EXT_INTERRUPT.o
                0x00001f5e                EXT_INT0_INIT
 .text.EXT_INT1_INIT
                0x00001f72       0x14 ./MCAL/EXT_INTERRUPT.o
                0x00001f72                EXT_INT1_INIT
 .text.EXT_INT2_INIT
                0x00001f86        0x8 ./MCAL/EXT_INTERRUPT.o
                0x00001f86                EXT_INT2_INIT
 .text.I2C_Slave_Init
                0x00001f8e        0xc ./MCAL/I2C.o
                0x00001f8e                I2C_Slave_Init
 .text.I2C_Start_Condition
                0x00001f9a       0x14 ./MCAL/I2C.o
                0x00001f9a                I2C_Start_Condition
 .text.I2C_Repeated_Start
                0x00001fae       0x14 ./MCAL/I2C.o
                0x00001fae                I2C_Repeated_Start
 .text.I2C_SendSlaveAddress_Write
                0x00001fc2       0x18 ./MCAL/I2C.o
                0x00001fc2                I2C_SendSlaveAddress_Write
 .text.I2C_SendSlaveAddress_Read
                0x00001fda       0x1a ./MCAL/I2C.o
                0x00001fda                I2C_SendSlaveAddress_Read
 .text.I2C_Send_Data
                0x00001ff4       0x16 ./MCAL/I2C.o
                0x00001ff4                I2C_Send_Data
 .text.I2C_Read_Data
                0x0000200a        0xe ./MCAL/I2C.o
                0x0000200a                I2C_Read_Data
 .text.I2C_Stop_Condition
                0x00002018        0x6 ./MCAL/I2C.o
                0x00002018                I2C_Stop_Condition
 .text.I2C_Master_Init
                0x0000201e       0x2a ./MCAL/I2C.o
                0x0000201e                I2C_Master_Init
 .text.TIMER0_Init
                0x00002048        0xc ./MCAL/TIMER.o
                0x00002048                TIMER0_Init
 .text.TIMER0_Start
                0x00002054        0x8 ./MCAL/TIMER.o
                0x00002054                TIMER0_Start
 .text.TIMER0_Stop
                0x0000205c        0x4 ./MCAL/TIMER.o
                0x0000205c                TIMER0_Stop
 .text.TIMER0_Delay_ms
                0x00002060       0x6e ./MCAL/TIMER.o
                0x00002060                TIMER0_Delay_ms
 .text.TIMER0_CTC_Init
                0x000020ce       0x10 ./MCAL/TIMER.o
                0x000020ce                TIMER0_CTC_Init
 .text.TIMER0_CTC_delay_ms
                0x000020de       0x50 ./MCAL/TIMER.o
                0x000020de                TIMER0_CTC_delay_ms
 .text.TIMER0_CTC_Start
                0x0000212e        0x8 ./MCAL/TIMER.o
                0x0000212e                TIMER0_CTC_Start
 .text.TIMER0_CTC_Stop
                0x00002136        0x6 ./MCAL/TIMER.o
                0x00002136                TIMER0_CTC_Stop
 .text.PWM0_INIT
                0x0000213c        0xa ./MCAL/TIMER.o
                0x0000213c                PWM0_INIT
 .text.PWM0_Generate
                0x00002146       0x12 ./MCAL/TIMER.o
                0x00002146                PWM0_Generate
 .text.PWM0_Start
                0x00002158        0x8 ./MCAL/TIMER.o
                0x00002158                PWM0_Start
 .text.PWM1_INIT
                0x00002160       0x18 ./MCAL/TIMER.o
                0x00002160                PWM1_INIT
 .text.PWM1_Generate
                0x00002178       0x26 ./MCAL/TIMER.o
                0x00002178                PWM1_Generate
 .text.PWM_Set_OCR
                0x0000219e        0x6 ./MCAL/TIMER.o
                0x0000219e                PWM_Set_OCR
 .text.PWM2_init
                0x000021a4        0x8 ./MCAL/TIMER.o
                0x000021a4                PWM2_init
 .text.PWM2_Set_OCR
                0x000021ac        0x4 ./MCAL/TIMER.o
                0x000021ac                PWM2_Set_OCR
 .text.ICU_Init
                0x000021b0       0x1c ./MCAL/TIMER.o
                0x000021b0                ICU_Init
 .text.__vector_9
                0x000021cc       0x4a ./MCAL/TIMER.o
                0x000021cc                __vector_9
 .text.__vector_6
                0x00002216      0x176 ./MCAL/TIMER.o
                0x00002216                __vector_6
 .text.UART_Init
                0x0000238c       0x24 ./MCAL/UART.o
                0x0000238c                UART_Init
 .text.UART_RxChar
                0x000023b0        0xc ./MCAL/UART.o
                0x000023b0                UART_RxChar
 .text.UART_TxChar
                0x000023bc        0x8 ./MCAL/UART.o
                0x000023bc                UART_TxChar
 .text.UART_SendString
                0x000023c4       0x1a ./MCAL/UART.o
                0x000023c4                UART_SendString
 .text.BUZZER_STOP
                0x000023de        0xc ./HALL/BUZZER.o
                0x000023de                BUZZER_STOP
 .text.BUZZER_START
                0x000023ea        0xc ./HALL/BUZZER.o
                0x000023ea                BUZZER_START
 .text.BUZZER_init
                0x000023f6        0xc ./HALL/BUZZER.o
                0x000023f6                BUZZER_init
 .text.EEPROM_Read_Byte_From_Address
                0x00002402        0xe ./HALL/EEPROM.o
                0x00002402                EEPROM_Read_Byte_From_Address
 .text.EEPROM_Read_Block_From_Address
                0x00002410       0x2e ./HALL/EEPROM.o
                0x00002410                EEPROM_Read_Block_From_Address
 .text.EEPROM_Write_Byte_To_Address
                0x0000243e       0x18 ./HALL/EEPROM.o
                0x0000243e                EEPROM_Write_Byte_To_Address
 .text.EEPROM_Write_Block_To_Address
                0x00002456       0x38 ./HALL/EEPROM.o
                0x00002456                EEPROM_Write_Block_To_Address
 .text.EraseEEPROM
                0x0000248e       0xac ./HALL/EEPROM.o
                0x0000248e                EraseEEPROM
 .text.KeyPad_GetChar
                0x0000253a       0x74 ./HALL/KEYPAD.o
                0x0000253a                KeyPad_GetChar
 .text.KeyPad_Init
                0x000025ae       0x72 ./HALL/KEYPAD.o
                0x000025ae                KeyPad_Init
 .text.LCD_WriteChar
                0x00002620       0xb2 ./HALL/LCD.o
                0x00002620                LCD_WriteChar
 .text.LCD_WriteInteger
                0x000026d2       0xe4 ./HALL/LCD.o
                0x000026d2                LCD_WriteInteger
 .text.LCD_WriteString
                0x000027b6       0x2a ./HALL/LCD.o
                0x000027b6                LCD_WriteString
 .text.LCD_WriteCommand
                0x000027e0       0x9a ./HALL/LCD.o
                0x000027e0                LCD_WriteCommand
 .text.LCD_GoTo
                0x0000287a       0x2a ./HALL/LCD.o
                0x0000287a                LCD_GoTo
 .text.LCD_Init
                0x000028a4       0x7e ./HALL/LCD.o
                0x000028a4                LCD_Init
 .text.LED0_Toggle
                0x00002922        0xa ./HALL/LED.o
                0x00002922                LED0_Toggle
 .text.LED5_TurnOff
                0x0000292c        0xc ./HALL/LED.o
                0x0000292c                LED5_TurnOff
 .text.LED4_TurnOff
                0x00002938        0xc ./HALL/LED.o
                0x00002938                LED4_TurnOff
 .text.LED3_TurnOff
                0x00002944        0xc ./HALL/LED.o
                0x00002944                LED3_TurnOff
 .text.LED2_TurnOff
                0x00002950        0xc ./HALL/LED.o
                0x00002950                LED2_TurnOff
 .text.LED1_TurnOff
                0x0000295c        0xc ./HALL/LED.o
                0x0000295c                LED1_TurnOff
 .text.LED5_TurnOn
                0x00002968        0xc ./HALL/LED.o
                0x00002968                LED5_TurnOn
 .text.LED4_TurnOn
                0x00002974        0xc ./HALL/LED.o
                0x00002974                LED4_TurnOn
 .text.LED3_TurnOn
                0x00002980        0xc ./HALL/LED.o
                0x00002980                LED3_TurnOn
 .text.LED2_TurnOn
                0x0000298c        0xc ./HALL/LED.o
                0x0000298c                LED2_TurnOn
 .text.LED1_TurnOn
                0x00002998        0xc ./HALL/LED.o
                0x00002998                LED1_TurnOn
 .text.LED5_Init
                0x000029a4        0xc ./HALL/LED.o
                0x000029a4                LED5_Init
 .text.LED4_Init
                0x000029b0        0xc ./HALL/LED.o
                0x000029b0                LED4_Init
 .text.LED3_Init
                0x000029bc        0xc ./HALL/LED.o
                0x000029bc                LED3_Init
 .text.LED2_Init
                0x000029c8        0xc ./HALL/LED.o
                0x000029c8                LED2_Init
 .text.LED1_Init
                0x000029d4        0xc ./HALL/LED.o
                0x000029d4                LED1_Init
 .text.all_led_init
                0x000029e0       0x34 ./HALL/LED.o
                0x000029e0                all_led_init
 .text.ServoMotor_Set_Degree
                0x00002a14       0x28 ./HALL/Servo.o
                0x00002a14                ServoMotor_Set_Degree
 .text.ServoMotor_Init
                0x00002a3c        0x6 ./HALL/Servo.o
                0x00002a3c                ServoMotor_Init
 .text.TEMP_Read
                0x00002a42       0x3c ./HALL/TEMP.o
                0x00002a42                TEMP_Read
 .text.TEMP_Init
                0x00002a7e        0x6 ./HALL/TEMP.o
                0x00002a7e                TEMP_Init
 .text.main     0x00002a84       0xaa ./main.o
                0x00002a84                main
 .text.libgcc   0x00002b2e       0x3e e:/course/1/winavr/bin/../lib/gcc/avr/4.3.3/avr5\libgcc.a(_mulsi3.o)
                0x00002b2e                __mulsi3
 .text.libgcc   0x00002b6c       0x28 e:/course/1/winavr/bin/../lib/gcc/avr/4.3.3/avr5\libgcc.a(_udivmodhi4.o)
                0x00002b6c                __udivmodhi4
 .text.libgcc   0x00002b94       0x44 e:/course/1/winavr/bin/../lib/gcc/avr/4.3.3/avr5\libgcc.a(_udivmodsi4.o)
                0x00002b94                __udivmodsi4
 .text.libgcc   0x00002bd8       0x36 e:/course/1/winavr/bin/../lib/gcc/avr/4.3.3/avr5\libgcc.a(_divmodsi4.o)
                0x00002bd8                __divmodsi4
 .text.libgcc   0x00002c0e        0x0 e:/course/1/winavr/bin/../lib/gcc/avr/4.3.3/avr5\libgcc.a(_exit.o)
 .text.libgcc   0x00002c0e        0x0 e:/course/1/winavr/bin/../lib/gcc/avr/4.3.3/avr5\libgcc.a(_copy_data.o)
 .text.libgcc   0x00002c0e        0x0 e:/course/1/winavr/bin/../lib/gcc/avr/4.3.3/avr5\libgcc.a(_clear_bss.o)
 .text.libgcc   0x00002c0e       0x38 e:/course/1/winavr/bin/../lib/gcc/avr/4.3.3/avr5\libgcc.a(_prologue.o)
                0x00002c0e                __prologue_saves__
 .text.libgcc   0x00002c46       0x36 e:/course/1/winavr/bin/../lib/gcc/avr/4.3.3/avr5\libgcc.a(_epilogue.o)
                0x00002c46                __epilogue_restores__
                0x00002c7c                . = ALIGN (0x2)
 *(.fini9)
 .fini9         0x00002c7c        0x0 e:/course/1/winavr/bin/../lib/gcc/avr/4.3.3/avr5\libgcc.a(_exit.o)
                0x00002c7c                exit
                0x00002c7c                _exit
 *(.fini9)
 *(.fini8)
 *(.fini8)
 *(.fini7)
 *(.fini7)
 *(.fini6)
 *(.fini6)
 *(.fini5)
 *(.fini5)
 *(.fini4)
 *(.fini4)
 *(.fini3)
 *(.fini3)
 *(.fini2)
 *(.fini2)
 *(.fini1)
 *(.fini1)
 *(.fini0)
 .fini0         0x00002c7c        0x4 e:/course/1/winavr/bin/../lib/gcc/avr/4.3.3/avr5\libgcc.a(_exit.o)
 *(.fini0)
                0x00002c80                _etext = .

.data           0x00800060      0x284 load address 0x00002c80
                0x00800060                PROVIDE (__data_start, .)
 *(.data)
 .data          0x00800060        0x0 e:/course/1/winavr/bin/../lib/gcc/avr/4.3.3/../../../../avr/lib/avr5/crtm32.o
 .data          0x00800060       0x60 ./app/login.o
 .data          0x008000c0       0xe9 ./app/menu.o
 .data          0x008001a9        0x0 ./MCAL/ADC.o
 .data          0x008001a9        0x0 ./MCAL/DIO.o
 .data          0x008001a9        0x0 ./MCAL/EXT_INTERRUPT.o
 .data          0x008001a9        0x0 ./MCAL/I2C.o
 .data          0x008001a9        0x0 ./MCAL/TIMER.o
 .data          0x008001a9        0x0 ./MCAL/UART.o
 .data          0x008001a9        0x0 ./HALL/BUZZER.o
 .data          0x008001a9        0x0 ./HALL/EEPROM.o
 .data          0x008001a9        0x0 ./HALL/KEYPAD.o
 .data          0x008001a9        0x0 ./HALL/LCD.o
 .data          0x008001a9        0x0 ./HALL/LED.o
 .data          0x008001a9        0x0 ./HALL/Servo.o
 .data          0x008001a9        0x0 ./HALL/TEMP.o
 .data          0x008001a9        0x0 ./main.o
 .data          0x008001a9        0x0 e:/course/1/winavr/bin/../lib/gcc/avr/4.3.3/avr5\libgcc.a(_mulsi3.o)
 .data          0x008001a9        0x0 e:/course/1/winavr/bin/../lib/gcc/avr/4.3.3/avr5\libgcc.a(_udivmodhi4.o)
 .data          0x008001a9        0x0 e:/course/1/winavr/bin/../lib/gcc/avr/4.3.3/avr5\libgcc.a(_udivmodsi4.o)
 .data          0x008001a9        0x0 e:/course/1/winavr/bin/../lib/gcc/avr/4.3.3/avr5\libgcc.a(_divmodsi4.o)
 .data          0x008001a9        0x0 e:/course/1/winavr/bin/../lib/gcc/avr/4.3.3/avr5\libgcc.a(_exit.o)
 .data          0x008001a9        0x0 e:/course/1/winavr/bin/../lib/gcc/avr/4.3.3/avr5\libgcc.a(_copy_data.o)
 .data          0x008001a9        0x0 e:/course/1/winavr/bin/../lib/gcc/avr/4.3.3/avr5\libgcc.a(_clear_bss.o)
 .data          0x008001a9        0x0 e:/course/1/winavr/bin/../lib/gcc/avr/4.3.3/avr5\libgcc.a(_fixunssfsi.o)
 .data          0x008001a9        0x0 e:/course/1/winavr/bin/../lib/gcc/avr/4.3.3/avr5\libgcc.a(_addsub_sf.o)
 .data          0x008001a9        0x0 e:/course/1/winavr/bin/../lib/gcc/avr/4.3.3/avr5\libgcc.a(_mul_sf.o)
 .data          0x008001a9        0x0 e:/course/1/winavr/bin/../lib/gcc/avr/4.3.3/avr5\libgcc.a(_div_sf.o)
 .data          0x008001a9        0x0 e:/course/1/winavr/bin/../lib/gcc/avr/4.3.3/avr5\libgcc.a(_ge_sf.o)
 .data          0x008001a9        0x0 e:/course/1/winavr/bin/../lib/gcc/avr/4.3.3/avr5\libgcc.a(_sf_to_si.o)
 .data          0x008001a9        0x8 e:/course/1/winavr/bin/../lib/gcc/avr/4.3.3/avr5\libgcc.a(_thenan_sf.o)
                0x008001a9                __thenan_sf
 .data          0x008001b1        0x0 e:/course/1/winavr/bin/../lib/gcc/avr/4.3.3/avr5\libgcc.a(_usi_to_sf.o)
 .data          0x008001b1        0x0 e:/course/1/winavr/bin/../lib/gcc/avr/4.3.3/avr5\libgcc.a(_prologue.o)
 .data          0x008001b1        0x0 e:/course/1/winavr/bin/../lib/gcc/avr/4.3.3/avr5\libgcc.a(_epilogue.o)
 .data          0x008001b1        0x0 e:/course/1/winavr/bin/../lib/gcc/avr/4.3.3/avr5\libgcc.a(_clzsi2.o)
 .data          0x008001b1        0x0 e:/course/1/winavr/bin/../lib/gcc/avr/4.3.3/avr5\libgcc.a(_pack_sf.o)
 .data          0x008001b1        0x0 e:/course/1/winavr/bin/../lib/gcc/avr/4.3.3/avr5\libgcc.a(_unpack_sf.o)
 .data          0x008001b1        0x0 e:/course/1/winavr/bin/../lib/gcc/avr/4.3.3/avr5\libgcc.a(_fpcmp_parts_sf.o)
 .data          0x008001b1      0x100 e:/course/1/winavr/bin/../lib/gcc/avr/4.3.3/avr5\libgcc.a(_clz.o)
                0x008001b1                __clz_tab
 *(.data*)
 .data.admin_name
                0x008002b1        0x4 ./app/login.o
                0x008002b1                admin_name
 .data.admin_pass
                0x008002b5        0x4 ./app/login.o
                0x008002b5                admin_pass
 .data.numPass.1350
                0x008002b9        0x2 ./app/login.o
 *(.rodata)
 *(.rodata*)
 .rodata.C.0.1338
                0x008002bb        0x8 ./HALL/EEPROM.o
 .rodata.KeyPad_Values
                0x008002c3       0x10 ./HALL/KEYPAD.o
                0x008002c3                KeyPad_Values
 .rodata.KeyPad_Values.1282
                0x008002d3       0x10 ./HALL/KEYPAD.o
 *(.gnu.linkonce.d*)
                0x008002e4                . = ALIGN (0x2)
 *fill*         0x008002e3        0x1 00
                0x008002e4                _edata = .
                0x008002e4                PROVIDE (__data_end, .)

.bss            0x008002e4       0x23
                0x008002e4                PROVIDE (__bss_start, .)
 *(.bss)
 .bss           0x008002e4        0x0 e:/course/1/winavr/bin/../lib/gcc/avr/4.3.3/../../../../avr/lib/avr5/crtm32.o
 .bss           0x008002e4        0x0 ./app/login.o
 .bss           0x008002e4        0x0 ./app/menu.o
 .bss           0x008002e4        0x0 ./MCAL/ADC.o
 .bss           0x008002e4        0x0 ./MCAL/DIO.o
 .bss           0x008002e4        0x0 ./MCAL/EXT_INTERRUPT.o
 .bss           0x008002e4        0x0 ./MCAL/I2C.o
 .bss           0x008002e4        0x0 ./MCAL/TIMER.o
 .bss           0x008002e4        0x0 ./MCAL/UART.o
 .bss           0x008002e4        0x0 ./HALL/BUZZER.o
 .bss           0x008002e4        0x0 ./HALL/EEPROM.o
 .bss           0x008002e4        0x0 ./HALL/KEYPAD.o
 .bss           0x008002e4        0x0 ./HALL/LCD.o
 .bss           0x008002e4        0x0 ./HALL/LED.o
 .bss           0x008002e4        0x0 ./HALL/Servo.o
 .bss           0x008002e4        0x0 ./HALL/TEMP.o
 .bss           0x008002e4        0x0 ./main.o
 .bss           0x008002e4        0x0 e:/course/1/winavr/bin/../lib/gcc/avr/4.3.3/avr5\libgcc.a(_mulsi3.o)
 .bss           0x008002e4        0x0 e:/course/1/winavr/bin/../lib/gcc/avr/4.3.3/avr5\libgcc.a(_udivmodhi4.o)
 .bss           0x008002e4        0x0 e:/course/1/winavr/bin/../lib/gcc/avr/4.3.3/avr5\libgcc.a(_udivmodsi4.o)
 .bss           0x008002e4        0x0 e:/course/1/winavr/bin/../lib/gcc/avr/4.3.3/avr5\libgcc.a(_divmodsi4.o)
 .bss           0x008002e4        0x0 e:/course/1/winavr/bin/../lib/gcc/avr/4.3.3/avr5\libgcc.a(_exit.o)
 .bss           0x008002e4        0x0 e:/course/1/winavr/bin/../lib/gcc/avr/4.3.3/avr5\libgcc.a(_copy_data.o)
 .bss           0x008002e4        0x0 e:/course/1/winavr/bin/../lib/gcc/avr/4.3.3/avr5\libgcc.a(_clear_bss.o)
 .bss           0x008002e4        0x0 e:/course/1/winavr/bin/../lib/gcc/avr/4.3.3/avr5\libgcc.a(_fixunssfsi.o)
 .bss           0x008002e4        0x0 e:/course/1/winavr/bin/../lib/gcc/avr/4.3.3/avr5\libgcc.a(_addsub_sf.o)
 .bss           0x008002e4        0x0 e:/course/1/winavr/bin/../lib/gcc/avr/4.3.3/avr5\libgcc.a(_mul_sf.o)
 .bss           0x008002e4        0x0 e:/course/1/winavr/bin/../lib/gcc/avr/4.3.3/avr5\libgcc.a(_div_sf.o)
 .bss           0x008002e4        0x0 e:/course/1/winavr/bin/../lib/gcc/avr/4.3.3/avr5\libgcc.a(_ge_sf.o)
 .bss           0x008002e4        0x0 e:/course/1/winavr/bin/../lib/gcc/avr/4.3.3/avr5\libgcc.a(_sf_to_si.o)
 .bss           0x008002e4        0x0 e:/course/1/winavr/bin/../lib/gcc/avr/4.3.3/avr5\libgcc.a(_thenan_sf.o)
 .bss           0x008002e4        0x0 e:/course/1/winavr/bin/../lib/gcc/avr/4.3.3/avr5\libgcc.a(_usi_to_sf.o)
 .bss           0x008002e4        0x0 e:/course/1/winavr/bin/../lib/gcc/avr/4.3.3/avr5\libgcc.a(_prologue.o)
 .bss           0x008002e4        0x0 e:/course/1/winavr/bin/../lib/gcc/avr/4.3.3/avr5\libgcc.a(_epilogue.o)
 .bss           0x008002e4        0x0 e:/course/1/winavr/bin/../lib/gcc/avr/4.3.3/avr5\libgcc.a(_clzsi2.o)
 .bss           0x008002e4        0x0 e:/course/1/winavr/bin/../lib/gcc/avr/4.3.3/avr5\libgcc.a(_pack_sf.o)
 .bss           0x008002e4        0x0 e:/course/1/winavr/bin/../lib/gcc/avr/4.3.3/avr5\libgcc.a(_unpack_sf.o)
 .bss           0x008002e4        0x0 e:/course/1/winavr/bin/../lib/gcc/avr/4.3.3/avr5\libgcc.a(_fpcmp_parts_sf.o)
 .bss           0x008002e4        0x0 e:/course/1/winavr/bin/../lib/gcc/avr/4.3.3/avr5\libgcc.a(_clz.o)
 *(.bss*)
 .bss.erase.1432
                0x008002e4        0x1 ./app/login.o
 .bss.numUsers.1349
                0x008002e5        0x2 ./app/login.o
 .bss.count.1345
                0x008002e7        0x2 ./app/login.o
 .bss.Number_OVF
                0x008002e9        0x4 ./MCAL/TIMER.o
                0x008002e9                Number_OVF
 .bss.INIAL_VALUE
                0x008002ed        0x4 ./MCAL/TIMER.o
                0x008002ed                INIAL_VALUE
 .bss.Num_OVF1  0x008002f1        0x4 ./MCAL/TIMER.o
                0x008002f1                Num_OVF1
 .bss.ICR_CAPT1
                0x008002f5        0x4 ./MCAL/TIMER.o
                0x008002f5                ICR_CAPT1
 .bss.ICR_CAPT2
                0x008002f9        0x4 ./MCAL/TIMER.o
                0x008002f9                ICR_CAPT2
 .bss.ICR_CAPT3
                0x008002fd        0x4 ./MCAL/TIMER.o
                0x008002fd                ICR_CAPT3
 .bss.ICR_COUNTER
                0x00800301        0x4 ./MCAL/TIMER.o
                0x00800301                ICR_COUNTER
 *(COMMON)
 COMMON         0x00800305        0x2 ./main.o
                0x00800305                x
                0x00800307                PROVIDE (__bss_end, .)
                0x00002c80                __data_load_start = LOADADDR (.data)
                0x00002f04                __data_load_end = (__data_load_start + SIZEOF (.data))

.noinit         0x00800307        0x0
                0x00800307                PROVIDE (__noinit_start, .)
 *(.noinit*)
                0x00800307                PROVIDE (__noinit_end, .)
                0x00800307                _end = .
                0x00800307                PROVIDE (__heap_start, .)

.eeprom         0x00810000        0x0
 *(.eeprom*)
                0x00810000                __eeprom_end = .

.fuse
 *(.fuse)
 *(.lfuse)
 *(.hfuse)
 *(.efuse)

.lock
 *(.lock*)

.signature
 *(.signature*)

.stab
 *(.stab)

.stabstr
 *(.stabstr)

.stab.excl
 *(.stab.excl)

.stab.exclstr
 *(.stab.exclstr)

.stab.index
 *(.stab.index)

.stab.indexstr
 *(.stab.indexstr)

.comment
 *(.comment)

.debug
 *(.debug)

.line
 *(.line)

.debug_srcinfo
 *(.debug_srcinfo)

.debug_sfnames
 *(.debug_sfnames)

.debug_aranges  0x00000000      0x160
 *(.debug_aranges)
 .debug_aranges
                0x00000000       0x20 e:/course/1/winavr/bin/../lib/gcc/avr/4.3.3/avr5\libgcc.a(_fixunssfsi.o)
 .debug_aranges
                0x00000020       0x20 e:/course/1/winavr/bin/../lib/gcc/avr/4.3.3/avr5\libgcc.a(_addsub_sf.o)
 .debug_aranges
                0x00000040       0x20 e:/course/1/winavr/bin/../lib/gcc/avr/4.3.3/avr5\libgcc.a(_mul_sf.o)
 .debug_aranges
                0x00000060       0x20 e:/course/1/winavr/bin/../lib/gcc/avr/4.3.3/avr5\libgcc.a(_div_sf.o)
 .debug_aranges
                0x00000080       0x20 e:/course/1/winavr/bin/../lib/gcc/avr/4.3.3/avr5\libgcc.a(_ge_sf.o)
 .debug_aranges
                0x000000a0       0x20 e:/course/1/winavr/bin/../lib/gcc/avr/4.3.3/avr5\libgcc.a(_sf_to_si.o)
 .debug_aranges
                0x000000c0       0x20 e:/course/1/winavr/bin/../lib/gcc/avr/4.3.3/avr5\libgcc.a(_usi_to_sf.o)
 .debug_aranges
                0x000000e0       0x20 e:/course/1/winavr/bin/../lib/gcc/avr/4.3.3/avr5\libgcc.a(_clzsi2.o)
 .debug_aranges
                0x00000100       0x20 e:/course/1/winavr/bin/../lib/gcc/avr/4.3.3/avr5\libgcc.a(_pack_sf.o)
 .debug_aranges
                0x00000120       0x20 e:/course/1/winavr/bin/../lib/gcc/avr/4.3.3/avr5\libgcc.a(_unpack_sf.o)
 .debug_aranges
                0x00000140       0x20 e:/course/1/winavr/bin/../lib/gcc/avr/4.3.3/avr5\libgcc.a(_fpcmp_parts_sf.o)

.debug_pubnames
                0x00000000      0x1b6
 *(.debug_pubnames)
 .debug_pubnames
                0x00000000       0x23 e:/course/1/winavr/bin/../lib/gcc/avr/4.3.3/avr5\libgcc.a(_fixunssfsi.o)
 .debug_pubnames
                0x00000023       0x2c e:/course/1/winavr/bin/../lib/gcc/avr/4.3.3/avr5\libgcc.a(_addsub_sf.o)
 .debug_pubnames
                0x0000004f       0x1f e:/course/1/winavr/bin/../lib/gcc/avr/4.3.3/avr5\libgcc.a(_mul_sf.o)
 .debug_pubnames
                0x0000006e       0x1f e:/course/1/winavr/bin/../lib/gcc/avr/4.3.3/avr5\libgcc.a(_div_sf.o)
 .debug_pubnames
                0x0000008d       0x1e e:/course/1/winavr/bin/../lib/gcc/avr/4.3.3/avr5\libgcc.a(_ge_sf.o)
 .debug_pubnames
                0x000000ab       0x20 e:/course/1/winavr/bin/../lib/gcc/avr/4.3.3/avr5\libgcc.a(_sf_to_si.o)
 .debug_pubnames
                0x000000cb       0x22 e:/course/1/winavr/bin/../lib/gcc/avr/4.3.3/avr5\libgcc.a(_thenan_sf.o)
 .debug_pubnames
                0x000000ed       0x24 e:/course/1/winavr/bin/../lib/gcc/avr/4.3.3/avr5\libgcc.a(_usi_to_sf.o)
 .debug_pubnames
                0x00000111       0x1f e:/course/1/winavr/bin/../lib/gcc/avr/4.3.3/avr5\libgcc.a(_clzsi2.o)
 .debug_pubnames
                0x00000130       0x1f e:/course/1/winavr/bin/../lib/gcc/avr/4.3.3/avr5\libgcc.a(_pack_sf.o)
 .debug_pubnames
                0x0000014f       0x21 e:/course/1/winavr/bin/../lib/gcc/avr/4.3.3/avr5\libgcc.a(_unpack_sf.o)
 .debug_pubnames
                0x00000170       0x26 e:/course/1/winavr/bin/../lib/gcc/avr/4.3.3/avr5\libgcc.a(_fpcmp_parts_sf.o)
 .debug_pubnames
                0x00000196       0x20 e:/course/1/winavr/bin/../lib/gcc/avr/4.3.3/avr5\libgcc.a(_clz.o)

.debug_info     0x00000000     0x1f0d
 *(.debug_info)
 .debug_info    0x00000000       0xb1 e:/course/1/winavr/bin/../lib/gcc/avr/4.3.3/avr5\libgcc.a(_fixunssfsi.o)
 .debug_info    0x000000b1      0x47a e:/course/1/winavr/bin/../lib/gcc/avr/4.3.3/avr5\libgcc.a(_addsub_sf.o)
 .debug_info    0x0000052b      0x485 e:/course/1/winavr/bin/../lib/gcc/avr/4.3.3/avr5\libgcc.a(_mul_sf.o)
 .debug_info    0x000009b0      0x3fc e:/course/1/winavr/bin/../lib/gcc/avr/4.3.3/avr5\libgcc.a(_div_sf.o)
 .debug_info    0x00000dac      0x27f e:/course/1/winavr/bin/../lib/gcc/avr/4.3.3/avr5\libgcc.a(_ge_sf.o)
 .debug_info    0x0000102b      0x2b0 e:/course/1/winavr/bin/../lib/gcc/avr/4.3.3/avr5\libgcc.a(_sf_to_si.o)
 .debug_info    0x000012db      0x12c e:/course/1/winavr/bin/../lib/gcc/avr/4.3.3/avr5\libgcc.a(_thenan_sf.o)
 .debug_info    0x00001407      0x206 e:/course/1/winavr/bin/../lib/gcc/avr/4.3.3/avr5\libgcc.a(_usi_to_sf.o)
 .debug_info    0x0000160d      0x117 e:/course/1/winavr/bin/../lib/gcc/avr/4.3.3/avr5\libgcc.a(_clzsi2.o)
 .debug_info    0x00001724      0x2df e:/course/1/winavr/bin/../lib/gcc/avr/4.3.3/avr5\libgcc.a(_pack_sf.o)
 .debug_info    0x00001a03      0x251 e:/course/1/winavr/bin/../lib/gcc/avr/4.3.3/avr5\libgcc.a(_unpack_sf.o)
 .debug_info    0x00001c54      0x210 e:/course/1/winavr/bin/../lib/gcc/avr/4.3.3/avr5\libgcc.a(_fpcmp_parts_sf.o)
 .debug_info    0x00001e64       0xa9 e:/course/1/winavr/bin/../lib/gcc/avr/4.3.3/avr5\libgcc.a(_clz.o)
 *(.gnu.linkonce.wi.*)

.debug_abbrev   0x00000000     0x10d2
 *(.debug_abbrev)
 .debug_abbrev  0x00000000       0x5d e:/course/1/winavr/bin/../lib/gcc/avr/4.3.3/avr5\libgcc.a(_fixunssfsi.o)
 .debug_abbrev  0x0000005d      0x1ea e:/course/1/winavr/bin/../lib/gcc/avr/4.3.3/avr5\libgcc.a(_addsub_sf.o)
 .debug_abbrev  0x00000247      0x21b e:/course/1/winavr/bin/../lib/gcc/avr/4.3.3/avr5\libgcc.a(_mul_sf.o)
 .debug_abbrev  0x00000462      0x216 e:/course/1/winavr/bin/../lib/gcc/avr/4.3.3/avr5\libgcc.a(_div_sf.o)
 .debug_abbrev  0x00000678      0x15a e:/course/1/winavr/bin/../lib/gcc/avr/4.3.3/avr5\libgcc.a(_ge_sf.o)
 .debug_abbrev  0x000007d2      0x17f e:/course/1/winavr/bin/../lib/gcc/avr/4.3.3/avr5\libgcc.a(_sf_to_si.o)
 .debug_abbrev  0x00000951       0xad e:/course/1/winavr/bin/../lib/gcc/avr/4.3.3/avr5\libgcc.a(_thenan_sf.o)
 .debug_abbrev  0x000009fe      0x157 e:/course/1/winavr/bin/../lib/gcc/avr/4.3.3/avr5\libgcc.a(_usi_to_sf.o)
 .debug_abbrev  0x00000b55       0xc4 e:/course/1/winavr/bin/../lib/gcc/avr/4.3.3/avr5\libgcc.a(_clzsi2.o)
 .debug_abbrev  0x00000c19      0x1c0 e:/course/1/winavr/bin/../lib/gcc/avr/4.3.3/avr5\libgcc.a(_pack_sf.o)
 .debug_abbrev  0x00000dd9      0x154 e:/course/1/winavr/bin/../lib/gcc/avr/4.3.3/avr5\libgcc.a(_unpack_sf.o)
 .debug_abbrev  0x00000f2d      0x13b e:/course/1/winavr/bin/../lib/gcc/avr/4.3.3/avr5\libgcc.a(_fpcmp_parts_sf.o)
 .debug_abbrev  0x00001068       0x6a e:/course/1/winavr/bin/../lib/gcc/avr/4.3.3/avr5\libgcc.a(_clz.o)

.debug_line     0x00000000     0x1030
 *(.debug_line)
 .debug_line    0x00000000       0xa7 e:/course/1/winavr/bin/../lib/gcc/avr/4.3.3/avr5\libgcc.a(_fixunssfsi.o)
 .debug_line    0x000000a7      0x2af e:/course/1/winavr/bin/../lib/gcc/avr/4.3.3/avr5\libgcc.a(_addsub_sf.o)
 .debug_line    0x00000356      0x239 e:/course/1/winavr/bin/../lib/gcc/avr/4.3.3/avr5\libgcc.a(_mul_sf.o)
 .debug_line    0x0000058f      0x1d5 e:/course/1/winavr/bin/../lib/gcc/avr/4.3.3/avr5\libgcc.a(_div_sf.o)
 .debug_line    0x00000764       0xd3 e:/course/1/winavr/bin/../lib/gcc/avr/4.3.3/avr5\libgcc.a(_ge_sf.o)
 .debug_line    0x00000837      0x109 e:/course/1/winavr/bin/../lib/gcc/avr/4.3.3/avr5\libgcc.a(_sf_to_si.o)
 .debug_line    0x00000940       0x90 e:/course/1/winavr/bin/../lib/gcc/avr/4.3.3/avr5\libgcc.a(_thenan_sf.o)
 .debug_line    0x000009d0      0x133 e:/course/1/winavr/bin/../lib/gcc/avr/4.3.3/avr5\libgcc.a(_usi_to_sf.o)
 .debug_line    0x00000b03       0xa5 e:/course/1/winavr/bin/../lib/gcc/avr/4.3.3/avr5\libgcc.a(_clzsi2.o)
 .debug_line    0x00000ba8      0x18a e:/course/1/winavr/bin/../lib/gcc/avr/4.3.3/avr5\libgcc.a(_pack_sf.o)
 .debug_line    0x00000d32      0x14b e:/course/1/winavr/bin/../lib/gcc/avr/4.3.3/avr5\libgcc.a(_unpack_sf.o)
 .debug_line    0x00000e7d      0x137 e:/course/1/winavr/bin/../lib/gcc/avr/4.3.3/avr5\libgcc.a(_fpcmp_parts_sf.o)
 .debug_line    0x00000fb4       0x7c e:/course/1/winavr/bin/../lib/gcc/avr/4.3.3/avr5\libgcc.a(_clz.o)

.debug_frame    0x00000000      0x180
 *(.debug_frame)
 .debug_frame   0x00000000       0x20 e:/course/1/winavr/bin/../lib/gcc/avr/4.3.3/avr5\libgcc.a(_fixunssfsi.o)
 .debug_frame   0x00000020       0x40 e:/course/1/winavr/bin/../lib/gcc/avr/4.3.3/avr5\libgcc.a(_addsub_sf.o)
 .debug_frame   0x00000060       0x20 e:/course/1/winavr/bin/../lib/gcc/avr/4.3.3/avr5\libgcc.a(_mul_sf.o)
 .debug_frame   0x00000080       0x20 e:/course/1/winavr/bin/../lib/gcc/avr/4.3.3/avr5\libgcc.a(_div_sf.o)
 .debug_frame   0x000000a0       0x20 e:/course/1/winavr/bin/../lib/gcc/avr/4.3.3/avr5\libgcc.a(_ge_sf.o)
 .debug_frame   0x000000c0       0x20 e:/course/1/winavr/bin/../lib/gcc/avr/4.3.3/avr5\libgcc.a(_sf_to_si.o)
 .debug_frame   0x000000e0       0x20 e:/course/1/winavr/bin/../lib/gcc/avr/4.3.3/avr5\libgcc.a(_usi_to_sf.o)
 .debug_frame   0x00000100       0x20 e:/course/1/winavr/bin/../lib/gcc/avr/4.3.3/avr5\libgcc.a(_clzsi2.o)
 .debug_frame   0x00000120       0x20 e:/course/1/winavr/bin/../lib/gcc/avr/4.3.3/avr5\libgcc.a(_pack_sf.o)
 .debug_frame   0x00000140       0x20 e:/course/1/winavr/bin/../lib/gcc/avr/4.3.3/avr5\libgcc.a(_unpack_sf.o)
 .debug_frame   0x00000160       0x20 e:/course/1/winavr/bin/../lib/gcc/avr/4.3.3/avr5\libgcc.a(_fpcmp_parts_sf.o)

.debug_str      0x00000000      0x2e6
 *(.debug_str)
 .debug_str     0x00000000       0xbf e:/course/1/winavr/bin/../lib/gcc/avr/4.3.3/avr5\libgcc.a(_fixunssfsi.o)
                                 0xfe (size before relaxing)
 .debug_str     0x000000bf      0x14d e:/course/1/winavr/bin/../lib/gcc/avr/4.3.3/avr5\libgcc.a(_addsub_sf.o)
                                0x206 (size before relaxing)
 .debug_str     0x0000020c       0x27 e:/course/1/winavr/bin/../lib/gcc/avr/4.3.3/avr5\libgcc.a(_mul_sf.o)
                                0x1bf (size before relaxing)
 .debug_str     0x00000233       0x35 e:/course/1/winavr/bin/../lib/gcc/avr/4.3.3/avr5\libgcc.a(_div_sf.o)
                                0x1c8 (size before relaxing)
 .debug_str     0x00000268        0x8 e:/course/1/winavr/bin/../lib/gcc/avr/4.3.3/avr5\libgcc.a(_ge_sf.o)
                                0x195 (size before relaxing)
 .debug_str     0x00000270        0xa e:/course/1/winavr/bin/../lib/gcc/avr/4.3.3/avr5\libgcc.a(_sf_to_si.o)
                                0x19e (size before relaxing)
 .debug_str     0x00000000      0x103 e:/course/1/winavr/bin/../lib/gcc/avr/4.3.3/avr5\libgcc.a(_thenan_sf.o)
 .debug_str     0x0000027a       0x21 e:/course/1/winavr/bin/../lib/gcc/avr/4.3.3/avr5\libgcc.a(_usi_to_sf.o)
                                0x177 (size before relaxing)
 .debug_str     0x0000029b       0x20 e:/course/1/winavr/bin/../lib/gcc/avr/4.3.3/avr5\libgcc.a(_clzsi2.o)
                                0x111 (size before relaxing)
 .debug_str     0x000002bb       0x10 e:/course/1/winavr/bin/../lib/gcc/avr/4.3.3/avr5\libgcc.a(_pack_sf.o)
                                0x19d (size before relaxing)
 .debug_str     0x000002cb        0xb e:/course/1/winavr/bin/../lib/gcc/avr/4.3.3/avr5\libgcc.a(_unpack_sf.o)
                                0x17f (size before relaxing)
 .debug_str     0x000002d6       0x10 e:/course/1/winavr/bin/../lib/gcc/avr/4.3.3/avr5\libgcc.a(_fpcmp_parts_sf.o)
                                0x163 (size before relaxing)
 .debug_str     0x00000000       0xf4 e:/course/1/winavr/bin/../lib/gcc/avr/4.3.3/avr5\libgcc.a(_clz.o)

.debug_loc      0x00000000      0x8f6
 *(.debug_loc)
 .debug_loc     0x00000000       0x34 e:/course/1/winavr/bin/../lib/gcc/avr/4.3.3/avr5\libgcc.a(_fixunssfsi.o)
 .debug_loc     0x00000034      0x32a e:/course/1/winavr/bin/../lib/gcc/avr/4.3.3/avr5\libgcc.a(_addsub_sf.o)
 .debug_loc     0x0000035e      0x104 e:/course/1/winavr/bin/../lib/gcc/avr/4.3.3/avr5\libgcc.a(_mul_sf.o)
 .debug_loc     0x00000462       0xc0 e:/course/1/winavr/bin/../lib/gcc/avr/4.3.3/avr5\libgcc.a(_div_sf.o)
 .debug_loc     0x00000522       0x3c e:/course/1/winavr/bin/../lib/gcc/avr/4.3.3/avr5\libgcc.a(_ge_sf.o)
 .debug_loc     0x0000055e       0x7e e:/course/1/winavr/bin/../lib/gcc/avr/4.3.3/avr5\libgcc.a(_sf_to_si.o)
 .debug_loc     0x000005dc       0x4c e:/course/1/winavr/bin/../lib/gcc/avr/4.3.3/avr5\libgcc.a(_usi_to_sf.o)
 .debug_loc     0x00000628       0x94 e:/course/1/winavr/bin/../lib/gcc/avr/4.3.3/avr5\libgcc.a(_clzsi2.o)
 .debug_loc     0x000006bc      0x13e e:/course/1/winavr/bin/../lib/gcc/avr/4.3.3/avr5\libgcc.a(_pack_sf.o)
 .debug_loc     0x000007fa       0xac e:/course/1/winavr/bin/../lib/gcc/avr/4.3.3/avr5\libgcc.a(_unpack_sf.o)
 .debug_loc     0x000008a6       0x50 e:/course/1/winavr/bin/../lib/gcc/avr/4.3.3/avr5\libgcc.a(_fpcmp_parts_sf.o)

.debug_macinfo
 *(.debug_macinfo)
OUTPUT(Smart_Home.elf elf32-avr)
LOAD linker stubs

.debug_ranges   0x00000000       0x50
 .debug_ranges  0x00000000       0x50 e:/course/1/winavr/bin/../lib/gcc/avr/4.3.3/avr5\libgcc.a(_mul_sf.o)
