Archive member included because of file (symbol)

e:/course/1/winavr/bin/../lib/gcc/avr/4.3.3/avr5\libgcc.a(_mulsi3.o)
                              ./MCAL/TIMER.o (__mulsi3)
e:/course/1/winavr/bin/../lib/gcc/avr/4.3.3/avr5\libgcc.a(_udivmodhi4.o)
                              ./MCAL/TIMER.o (__udivmodhi4)
e:/course/1/winavr/bin/../lib/gcc/avr/4.3.3/avr5\libgcc.a(_udivmodsi4.o)
                              ./MCAL/TIMER.o (__udivmodsi4)
e:/course/1/winavr/bin/../lib/gcc/avr/4.3.3/avr5\libgcc.a(_divmodsi4.o)
                              ./HALL/LCD.o (__divmodsi4)
e:/course/1/winavr/bin/../lib/gcc/avr/4.3.3/avr5\libgcc.a(_exit.o)
                              e:/course/1/winavr/bin/../lib/gcc/avr/4.3.3/../../../../avr/lib/avr5/crtm32.o (exit)
e:/course/1/winavr/bin/../lib/gcc/avr/4.3.3/avr5\libgcc.a(_copy_data.o)
                              ./app/login.o (__do_copy_data)
e:/course/1/winavr/bin/../lib/gcc/avr/4.3.3/avr5\libgcc.a(_clear_bss.o)
                              ./app/login.o (__do_clear_bss)
e:/course/1/winavr/bin/../lib/gcc/avr/4.3.3/avr5\libgcc.a(_fixunssfsi.o)
                              ./app/login.o (__fixunssfsi)
e:/course/1/winavr/bin/../lib/gcc/avr/4.3.3/avr5\libgcc.a(_addsub_sf.o)
                              e:/course/1/winavr/bin/../lib/gcc/avr/4.3.3/avr5\libgcc.a(_fixunssfsi.o) (__subsf3)
e:/course/1/winavr/bin/../lib/gcc/avr/4.3.3/avr5\libgcc.a(_mul_sf.o)
                              ./app/login.o (__mulsf3)
e:/course/1/winavr/bin/../lib/gcc/avr/4.3.3/avr5\libgcc.a(_div_sf.o)
                              ./HALL/TEMP.o (__divsf3)
e:/course/1/winavr/bin/../lib/gcc/avr/4.3.3/avr5\libgcc.a(_gt_sf.o)
                              ./app/login.o (__gtsf2)
e:/course/1/winavr/bin/../lib/gcc/avr/4.3.3/avr5\libgcc.a(_ge_sf.o)
                              e:/course/1/winavr/bin/../lib/gcc/avr/4.3.3/avr5\libgcc.a(_fixunssfsi.o) (__gesf2)
e:/course/1/winavr/bin/../lib/gcc/avr/4.3.3/avr5\libgcc.a(_lt_sf.o)
                              ./app/login.o (__ltsf2)
e:/course/1/winavr/bin/../lib/gcc/avr/4.3.3/avr5\libgcc.a(_sf_to_si.o)
                              e:/course/1/winavr/bin/../lib/gcc/avr/4.3.3/avr5\libgcc.a(_fixunssfsi.o) (__fixsfsi)
e:/course/1/winavr/bin/../lib/gcc/avr/4.3.3/avr5\libgcc.a(_thenan_sf.o)
                              e:/course/1/winavr/bin/../lib/gcc/avr/4.3.3/avr5\libgcc.a(_addsub_sf.o) (__thenan_sf)
e:/course/1/winavr/bin/../lib/gcc/avr/4.3.3/avr5\libgcc.a(_usi_to_sf.o)
                              ./HALL/TEMP.o (__floatunsisf)
e:/course/1/winavr/bin/../lib/gcc/avr/4.3.3/avr5\libgcc.a(_prologue.o)
                              e:/course/1/winavr/bin/../lib/gcc/avr/4.3.3/avr5\libgcc.a(_addsub_sf.o) (__prologue_saves__)
e:/course/1/winavr/bin/../lib/gcc/avr/4.3.3/avr5\libgcc.a(_epilogue.o)
                              e:/course/1/winavr/bin/../lib/gcc/avr/4.3.3/avr5\libgcc.a(_addsub_sf.o) (__epilogue_restores__)
e:/course/1/winavr/bin/../lib/gcc/avr/4.3.3/avr5\libgcc.a(_clzsi2.o)
                              e:/course/1/winavr/bin/../lib/gcc/avr/4.3.3/avr5\libgcc.a(_usi_to_sf.o) (__clzsi2)
e:/course/1/winavr/bin/../lib/gcc/avr/4.3.3/avr5\libgcc.a(_pack_sf.o)
                              e:/course/1/winavr/bin/../lib/gcc/avr/4.3.3/avr5\libgcc.a(_addsub_sf.o) (__pack_f)
e:/course/1/winavr/bin/../lib/gcc/avr/4.3.3/avr5\libgcc.a(_unpack_sf.o)
                              e:/course/1/winavr/bin/../lib/gcc/avr/4.3.3/avr5\libgcc.a(_addsub_sf.o) (__unpack_f)
e:/course/1/winavr/bin/../lib/gcc/avr/4.3.3/avr5\libgcc.a(_fpcmp_parts_sf.o)
                              e:/course/1/winavr/bin/../lib/gcc/avr/4.3.3/avr5\libgcc.a(_gt_sf.o) (__fpcmp_parts_f)
e:/course/1/winavr/bin/../lib/gcc/avr/4.3.3/avr5\libgcc.a(_clz.o)
                              e:/course/1/winavr/bin/../lib/gcc/avr/4.3.3/avr5\libgcc.a(_clzsi2.o) (__clz_tab)

Allocating common symbols
Common symbol       size              file

x                   0x2               ./main.o

Memory Configuration

Name             Origin             Length             Attributes
text             0x00000000         0x00020000         xr
data             0x00800060         0x0000ffa0         rw !x
eeprom           0x00810000         0x00010000         rw !x
fuse             0x00820000         0x00000400         rw !x
lock             0x00830000         0x00000400         rw !x
signature        0x00840000         0x00000400         rw !x
*default*        0x00000000         0xffffffff

Linker script and memory map

LOAD e:/course/1/winavr/bin/../lib/gcc/avr/4.3.3/../../../../avr/lib/avr5/crtm32.o
LOAD ./app/login.o
LOAD ./app/menu.o
LOAD ./MCAL/ADC.o
LOAD ./MCAL/DIO.o
LOAD ./MCAL/EXT_INTERRUPT.o
LOAD ./MCAL/I2C.o
LOAD ./MCAL/TIMER.o
LOAD ./MCAL/UART.o
LOAD ./HALL/BUZZER.o
LOAD ./HALL/EEPROM.o
LOAD ./HALL/KEYPAD.o
LOAD ./HALL/LCD.o
LOAD ./HALL/LED.o
LOAD ./HALL/Servo.o
LOAD ./HALL/TEMP.o
LOAD ./main.o
LOAD e:/course/1/winavr/bin/../lib/gcc/avr/4.3.3/avr5\libgcc.a
LOAD e:/course/1/winavr/bin/../lib/gcc/avr/4.3.3/../../../../avr/lib/avr5\libc.a
LOAD e:/course/1/winavr/bin/../lib/gcc/avr/4.3.3/avr5\libgcc.a

.hash
 *(.hash)

.dynsym
 *(.dynsym)

.dynstr
 *(.dynstr)

.gnu.version
 *(.gnu.version)

.gnu.version_d
 *(.gnu.version_d)

.gnu.version_r
 *(.gnu.version_r)

.rel.init
 *(.rel.init)

.rela.init
 *(.rela.init)

.rel.text
 *(.rel.text)
 *(.rel.text.*)
 *(.rel.gnu.linkonce.t*)

.rela.text
 *(.rela.text)
 *(.rela.text.*)
 *(.rela.gnu.linkonce.t*)

.rel.fini
 *(.rel.fini)

.rela.fini
 *(.rela.fini)

.rel.rodata
 *(.rel.rodata)
 *(.rel.rodata.*)
 *(.rel.gnu.linkonce.r*)

.rela.rodata
 *(.rela.rodata)
 *(.rela.rodata.*)
 *(.rela.gnu.linkonce.r*)

.rel.data
 *(.rel.data)
 *(.rel.data.*)
 *(.rel.gnu.linkonce.d*)

.rela.data
 *(.rela.data)
 *(.rela.data.*)
 *(.rela.gnu.linkonce.d*)

.rel.ctors
 *(.rel.ctors)

.rela.ctors
 *(.rela.ctors)

.rel.dtors
 *(.rel.dtors)

.rela.dtors
 *(.rela.dtors)

.rel.got
 *(.rel.got)

.rela.got
 *(.rela.got)

.rel.bss
 *(.rel.bss)

.rela.bss
 *(.rela.bss)

.rel.plt
 *(.rel.plt)

.rela.plt
 *(.rela.plt)

.text           0x00000000     0x5580
 *(.vectors)
 .vectors       0x00000000       0x54 e:/course/1/winavr/bin/../lib/gcc/avr/4.3.3/../../../../avr/lib/avr5/crtm32.o
                0x00000000                __vectors
                0x00000000                __vector_default
 *(.vectors)
 *(.progmem.gcc*)
 *(.progmem*)
                0x00000054                . = ALIGN (0x2)
                0x00000054                __trampolines_start = .
 *(.trampolines)
 .trampolines   0x00000054        0x0 linker stubs
 *(.trampolines*)
                0x00000054                __trampolines_end = .
 *(.jumptables)
 *(.jumptables*)
 *(.lowtext)
 *(.lowtext*)
                0x00000054                __ctors_start = .
 *(.ctors)
                0x00000054                __ctors_end = .
                0x00000054                __dtors_start = .
 *(.dtors)
                0x00000054                __dtors_end = .
 SORT(*)(.ctors)
 SORT(*)(.dtors)
 *(.init0)
 .init0         0x00000054        0x0 e:/course/1/winavr/bin/../lib/gcc/avr/4.3.3/../../../../avr/lib/avr5/crtm32.o
                0x00000054                __init
 *(.init0)
 *(.init1)
 *(.init1)
 *(.init2)
 .init2         0x00000054        0xc e:/course/1/winavr/bin/../lib/gcc/avr/4.3.3/../../../../avr/lib/avr5/crtm32.o
 *(.init2)
 *(.init3)
 *(.init3)
 *(.init4)
 .init4         0x00000060       0x16 e:/course/1/winavr/bin/../lib/gcc/avr/4.3.3/avr5\libgcc.a(_copy_data.o)
                0x00000060                __do_copy_data
 .init4         0x00000076       0x10 e:/course/1/winavr/bin/../lib/gcc/avr/4.3.3/avr5\libgcc.a(_clear_bss.o)
                0x00000076                __do_clear_bss
 *(.init4)
 *(.init5)
 *(.init5)
 *(.init6)
 *(.init6)
 *(.init7)
 *(.init7)
 *(.init8)
 *(.init8)
 *(.init9)
 .init9         0x00000086        0x8 e:/course/1/winavr/bin/../lib/gcc/avr/4.3.3/../../../../avr/lib/avr5/crtm32.o
 *(.init9)
 *(.text)
 .text          0x0000008e        0x4 e:/course/1/winavr/bin/../lib/gcc/avr/4.3.3/../../../../avr/lib/avr5/crtm32.o
                0x0000008e                __vector_1
                0x0000008e                __vector_12
                0x0000008e                __bad_interrupt
                0x0000008e                __vector_3
                0x0000008e                __vector_11
                0x0000008e                __vector_13
                0x0000008e                __vector_17
                0x0000008e                __vector_19
                0x0000008e                __vector_7
                0x0000008e                __vector_5
                0x0000008e                __vector_4
                0x0000008e                __vector_2
                0x0000008e                __vector_15
                0x0000008e                __vector_8
                0x0000008e                __vector_14
                0x0000008e                __vector_10
                0x0000008e                __vector_16
                0x0000008e                __vector_18
                0x0000008e                __vector_20
 .text          0x00000092        0x0 ./app/login.o
 .text          0x00000092        0x0 ./app/menu.o
 .text          0x00000092        0x0 ./MCAL/ADC.o
 .text          0x00000092        0x0 ./MCAL/DIO.o
 .text          0x00000092        0x0 ./MCAL/EXT_INTERRUPT.o
 .text          0x00000092        0x0 ./MCAL/I2C.o
 .text          0x00000092        0x0 ./MCAL/TIMER.o
 .text          0x00000092        0x0 ./MCAL/UART.o
 .text          0x00000092        0x0 ./HALL/BUZZER.o
 .text          0x00000092        0x0 ./HALL/EEPROM.o
 .text          0x00000092        0x0 ./HALL/KEYPAD.o
 .text          0x00000092        0x0 ./HALL/LCD.o
 .text          0x00000092        0x0 ./HALL/LED.o
 .text          0x00000092        0x0 ./HALL/Servo.o
 .text          0x00000092        0x0 ./HALL/TEMP.o
 .text          0x00000092        0x0 ./main.o
 .text          0x00000092        0x0 e:/course/1/winavr/bin/../lib/gcc/avr/4.3.3/avr5\libgcc.a(_mulsi3.o)
 .text          0x00000092        0x0 e:/course/1/winavr/bin/../lib/gcc/avr/4.3.3/avr5\libgcc.a(_udivmodhi4.o)
 .text          0x00000092        0x0 e:/course/1/winavr/bin/../lib/gcc/avr/4.3.3/avr5\libgcc.a(_udivmodsi4.o)
 .text          0x00000092        0x0 e:/course/1/winavr/bin/../lib/gcc/avr/4.3.3/avr5\libgcc.a(_divmodsi4.o)
 .text          0x00000092        0x0 e:/course/1/winavr/bin/../lib/gcc/avr/4.3.3/avr5\libgcc.a(_exit.o)
 .text          0x00000092        0x0 e:/course/1/winavr/bin/../lib/gcc/avr/4.3.3/avr5\libgcc.a(_copy_data.o)
 .text          0x00000092        0x0 e:/course/1/winavr/bin/../lib/gcc/avr/4.3.3/avr5\libgcc.a(_clear_bss.o)
 .text          0x00000092       0x58 e:/course/1/winavr/bin/../lib/gcc/avr/4.3.3/avr5\libgcc.a(_fixunssfsi.o)
                0x00000092                __fixunssfsi
 .text          0x000000ea      0x354 e:/course/1/winavr/bin/../lib/gcc/avr/4.3.3/avr5\libgcc.a(_addsub_sf.o)
                0x00000382                __subsf3
                0x000003e4                __addsf3
 .text          0x0000043e      0x1f4 e:/course/1/winavr/bin/../lib/gcc/avr/4.3.3/avr5\libgcc.a(_mul_sf.o)
                0x0000043e                __mulsf3
 .text          0x00000632      0x158 e:/course/1/winavr/bin/../lib/gcc/avr/4.3.3/avr5\libgcc.a(_div_sf.o)
                0x00000632                __divsf3
 .text          0x0000078a       0x60 e:/course/1/winavr/bin/../lib/gcc/avr/4.3.3/avr5\libgcc.a(_gt_sf.o)
                0x0000078a                __gtsf2
 .text          0x000007ea       0x60 e:/course/1/winavr/bin/../lib/gcc/avr/4.3.3/avr5\libgcc.a(_ge_sf.o)
                0x000007ea                __gesf2
 .text          0x0000084a       0x60 e:/course/1/winavr/bin/../lib/gcc/avr/4.3.3/avr5\libgcc.a(_lt_sf.o)
                0x0000084a                __ltsf2
 .text          0x000008aa       0xa8 e:/course/1/winavr/bin/../lib/gcc/avr/4.3.3/avr5\libgcc.a(_sf_to_si.o)
                0x000008aa                __fixsfsi
 .text          0x00000952        0x0 e:/course/1/winavr/bin/../lib/gcc/avr/4.3.3/avr5\libgcc.a(_thenan_sf.o)
 .text          0x00000952       0xf2 e:/course/1/winavr/bin/../lib/gcc/avr/4.3.3/avr5\libgcc.a(_usi_to_sf.o)
                0x00000952                __floatunsisf
 .text          0x00000a44        0x0 e:/course/1/winavr/bin/../lib/gcc/avr/4.3.3/avr5\libgcc.a(_prologue.o)
 .text          0x00000a44        0x0 e:/course/1/winavr/bin/../lib/gcc/avr/4.3.3/avr5\libgcc.a(_epilogue.o)
 .text          0x00000a44       0x9e e:/course/1/winavr/bin/../lib/gcc/avr/4.3.3/avr5\libgcc.a(_clzsi2.o)
                0x00000a44                __clzsi2
 .text          0x00000ae2      0x1aa e:/course/1/winavr/bin/../lib/gcc/avr/4.3.3/avr5\libgcc.a(_pack_sf.o)
                0x00000ae2                __pack_f
 .text          0x00000c8c       0xf0 e:/course/1/winavr/bin/../lib/gcc/avr/4.3.3/avr5\libgcc.a(_unpack_sf.o)
                0x00000c8c                __unpack_f
 .text          0x00000d7c       0xb2 e:/course/1/winavr/bin/../lib/gcc/avr/4.3.3/avr5\libgcc.a(_fpcmp_parts_sf.o)
                0x00000d7c                __fpcmp_parts_f
 .text          0x00000e2e        0x0 e:/course/1/winavr/bin/../lib/gcc/avr/4.3.3/avr5\libgcc.a(_clz.o)
                0x00000e2e                . = ALIGN (0x2)
 *(.text.*)
 .text.login    0x00000e2e      0x3c4 ./app/login.o
                0x00000e2e                login
 .text.add_user1
                0x000011f2      0x2a8 ./app/login.o
                0x000011f2                add_user1
 .text.check1   0x0000149a      0x138 ./app/login.o
                0x0000149a                check1
 .text.delete_user
                0x000015d2      0x19a ./app/login.o
                0x000015d2                delete_user
 .text.check_exist
                0x0000176c       0xe8 ./app/login.o
                0x0000176c                check_exist
 .text.add_admin
                0x00001854      0x2ba ./app/login.o
                0x00001854                add_admin
 .text.restore  0x00001b0e       0x96 ./app/login.o
                0x00001b0e                restore
 .text.get_char
                0x00001ba4       0x40 ./app/login.o
                0x00001ba4                get_char
 .text.leds     0x00001be4      0xaae ./app/menu.o
                0x00001be4                leds
 .text.door     0x00002692      0x14e ./app/menu.o
                0x00002692                door
 .text.temp     0x000027e0      0x146 ./app/menu.o
                0x000027e0                temp
 .text.add_remove
                0x00002926      0x1ec ./app/menu.o
                0x00002926                add_remove
 .text.admin_menu
                0x00002b12      0x18c ./app/menu.o
                0x00002b12                admin_menu
 .text.user_menu
                0x00002c9e      0x15a ./app/menu.o
                0x00002c9e                user_menu
 .text.ADC_vinit
                0x00002df8       0x54 ./MCAL/ADC.o
                0x00002df8                ADC_vinit
 .text.ADC_u16Read
                0x00002e4c       0x80 ./MCAL/ADC.o
                0x00002e4c                ADC_u16Read
 .text.DIO_SetPortDir
                0x00002ecc       0x82 ./MCAL/DIO.o
                0x00002ecc                DIO_SetPortDir
 .text.DIO_SetPinDir
                0x00002f4e      0x210 ./MCAL/DIO.o
                0x00002f4e                DIO_SetPinDir
 .text.DIO_SetPortVal
                0x0000315e       0x82 ./MCAL/DIO.o
                0x0000315e                DIO_SetPortVal
 .text.DIO_SetPinVal
                0x000031e0      0x210 ./MCAL/DIO.o
                0x000031e0                DIO_SetPinVal
 .text.DIO_GetPortVal
                0x000033f0       0x84 ./MCAL/DIO.o
                0x000033f0                DIO_GetPortVal
 .text.DIO_GetPinVal
                0x00003474       0xf4 ./MCAL/DIO.o
                0x00003474                DIO_GetPinVal
 .text.DIO_TogllePin
                0x00003568       0xfa ./MCAL/DIO.o
                0x00003568                DIO_TogllePin
 .text.DIO_SetPullUpRes
                0x00003662       0xfa ./MCAL/DIO.o
                0x00003662                DIO_SetPullUpRes
 .text.INTERRUPT_ENABLE
                0x0000375c       0x1c ./MCAL/EXT_INTERRUPT.o
                0x0000375c                INTERRUPT_ENABLE
 .text.EXT_INT0_INIT
                0x00003778       0x38 ./MCAL/EXT_INTERRUPT.o
                0x00003778                EXT_INT0_INIT
 .text.EXT_INT1_INIT
                0x000037b0       0x38 ./MCAL/EXT_INTERRUPT.o
                0x000037b0                EXT_INT1_INIT
 .text.EXT_INT2_INIT
                0x000037e8       0x1c ./MCAL/EXT_INTERRUPT.o
                0x000037e8                EXT_INT2_INIT
 .text.I2C_Master_Init
                0x00003804       0x42 ./MCAL/I2C.o
                0x00003804                I2C_Master_Init
 .text.I2C_Slave_Init
                0x00003846       0x24 ./MCAL/I2C.o
                0x00003846                I2C_Slave_Init
 .text.I2C_Start_Condition
                0x0000386a       0x34 ./MCAL/I2C.o
                0x0000386a                I2C_Start_Condition
 .text.I2C_Repeated_Start
                0x0000389e       0x34 ./MCAL/I2C.o
                0x0000389e                I2C_Repeated_Start
 .text.I2C_SendSlaveAddress_Write
                0x000038d2       0x44 ./MCAL/I2C.o
                0x000038d2                I2C_SendSlaveAddress_Write
 .text.I2C_SendSlaveAddress_Read
                0x00003916       0x4c ./MCAL/I2C.o
                0x00003916                I2C_SendSlaveAddress_Read
 .text.I2C_Send_Data
                0x00003962       0x42 ./MCAL/I2C.o
                0x00003962                I2C_Send_Data
 .text.I2C_Read_Data
                0x000039a4       0x26 ./MCAL/I2C.o
                0x000039a4                I2C_Read_Data
 .text.I2C_Stop_Condition
                0x000039ca       0x16 ./MCAL/I2C.o
                0x000039ca                I2C_Stop_Condition
 .text.TIMER0_Init
                0x000039e0       0x28 ./MCAL/TIMER.o
                0x000039e0                TIMER0_Init
 .text.TIMER0_Start
                0x00003a08       0x1c ./MCAL/TIMER.o
                0x00003a08                TIMER0_Start
 .text.TIMER0_Stop
                0x00003a24       0x14 ./MCAL/TIMER.o
                0x00003a24                TIMER0_Stop
 .text.TIMER0_Delay_ms
                0x00003a38      0x104 ./MCAL/TIMER.o
                0x00003a38                TIMER0_Delay_ms
 .text.TIMER0_CTC_Init
                0x00003b3c       0x30 ./MCAL/TIMER.o
                0x00003b3c                TIMER0_CTC_Init
 .text.TIMER0_CTC_delay_ms
                0x00003b6c       0xba ./MCAL/TIMER.o
                0x00003b6c                TIMER0_CTC_delay_ms
 .text.TIMER0_CTC_Start
                0x00003c26       0x1c ./MCAL/TIMER.o
                0x00003c26                TIMER0_CTC_Start
 .text.TIMER0_CTC_Stop
                0x00003c42       0x1a ./MCAL/TIMER.o
                0x00003c42                TIMER0_CTC_Stop
 .text.PWM0_INIT
                0x00003c5c       0x2a ./MCAL/TIMER.o
                0x00003c5c                PWM0_INIT
 .text.PWM0_Generate
                0x00003c86       0x34 ./MCAL/TIMER.o
                0x00003c86                PWM0_Generate
 .text.PWM0_Start
                0x00003cba       0x1c ./MCAL/TIMER.o
                0x00003cba                PWM0_Start
 .text.PWM1_INIT
                0x00003cd6       0x44 ./MCAL/TIMER.o
                0x00003cd6                PWM1_INIT
 .text.PWM1_Generate
                0x00003d1a       0x46 ./MCAL/TIMER.o
                0x00003d1a                PWM1_Generate
 .text.PWM_Set_OCR
                0x00003d60       0x24 ./MCAL/TIMER.o
                0x00003d60                PWM_Set_OCR
 .text.PWM2_init
                0x00003d84       0x24 ./MCAL/TIMER.o
                0x00003d84                PWM2_init
 .text.PWM2_Set_OCR
                0x00003da8       0x20 ./MCAL/TIMER.o
                0x00003da8                PWM2_Set_OCR
 .text.ICU_Init
                0x00003dc8       0x54 ./MCAL/TIMER.o
                0x00003dc8                ICU_Init
 .text.__vector_9
                0x00003e1c       0x56 ./MCAL/TIMER.o
                0x00003e1c                __vector_9
 .text.__vector_6
                0x00003e72      0x1c4 ./MCAL/TIMER.o
                0x00003e72                __vector_6
 .text.UART_Init
                0x00004036       0x6c ./MCAL/UART.o
                0x00004036                UART_Init
 .text.UART_RxChar
                0x000040a2       0x2c ./MCAL/UART.o
                0x000040a2                UART_RxChar
 .text.UART_TxChar
                0x000040ce       0x2e ./MCAL/UART.o
                0x000040ce                UART_TxChar
 .text.UART_SendString
                0x000040fc       0x52 ./MCAL/UART.o
                0x000040fc                UART_SendString
 .text.BUZZER_init
                0x0000414e       0x18 ./HALL/BUZZER.o
                0x0000414e                BUZZER_init
 .text.BUZZER_START
                0x00004166       0x18 ./HALL/BUZZER.o
                0x00004166                BUZZER_START
 .text.BUZZER_STOP
                0x0000417e       0x18 ./HALL/BUZZER.o
                0x0000417e                BUZZER_STOP
 .text.EEPROM_Read_Byte_From_Address
                0x00004196       0x50 ./HALL/EEPROM.o
                0x00004196                EEPROM_Read_Byte_From_Address
 .text.EEPROM_Read_Block_From_Address
                0x000041e6       0xa0 ./HALL/EEPROM.o
                0x000041e6                EEPROM_Read_Block_From_Address
 .text.EEPROM_Write_Byte_To_Address
                0x00004286       0x80 ./HALL/EEPROM.o
                0x00004286                EEPROM_Write_Byte_To_Address
 .text.EEPROM_Write_Block_To_Address
                0x00004306       0xd8 ./HALL/EEPROM.o
                0x00004306                EEPROM_Write_Block_To_Address
 .text.EraseEEPROM
                0x000043de       0xcc ./HALL/EEPROM.o
                0x000043de                EraseEEPROM
 .text.KeyPad_Init
                0x000044aa       0x7e ./HALL/KEYPAD.o
                0x000044aa                KeyPad_Init
 .text.KeyPad_GetChar
                0x00004528       0xb6 ./HALL/KEYPAD.o
                0x00004528                KeyPad_GetChar
 .text.LCD_Init
                0x000045de      0x174 ./HALL/LCD.o
                0x000045de                LCD_Init
 .text.LCD_WriteCommand
                0x00004752      0x364 ./HALL/LCD.o
                0x00004752                LCD_WriteCommand
 .text.LCD_WriteChar
                0x00004ab6      0x36e ./HALL/LCD.o
                0x00004ab6                LCD_WriteChar
 .text.LCD_WriteString
                0x00004e24       0x5a ./HALL/LCD.o
                0x00004e24                LCD_WriteString
 .text.LCD_GoTo
                0x00004e7e       0x40 ./HALL/LCD.o
                0x00004e7e                LCD_GoTo
 .text.LCD_WriteInteger
                0x00004ebe      0x15a ./HALL/LCD.o
                0x00004ebe                LCD_WriteInteger
 .text.LED1_Init
                0x00005018       0x18 ./HALL/LED.o
                0x00005018                LED1_Init
 .text.LED2_Init
                0x00005030       0x18 ./HALL/LED.o
                0x00005030                LED2_Init
 .text.LED3_Init
                0x00005048       0x18 ./HALL/LED.o
                0x00005048                LED3_Init
 .text.LED4_Init
                0x00005060       0x18 ./HALL/LED.o
                0x00005060                LED4_Init
 .text.LED5_Init
                0x00005078       0x18 ./HALL/LED.o
                0x00005078                LED5_Init
 .text.LED1_TurnOn
                0x00005090       0x18 ./HALL/LED.o
                0x00005090                LED1_TurnOn
 .text.LED2_TurnOn
                0x000050a8       0x18 ./HALL/LED.o
                0x000050a8                LED2_TurnOn
 .text.LED3_TurnOn
                0x000050c0       0x18 ./HALL/LED.o
                0x000050c0                LED3_TurnOn
 .text.LED4_TurnOn
                0x000050d8       0x18 ./HALL/LED.o
                0x000050d8                LED4_TurnOn
 .text.LED5_TurnOn
                0x000050f0       0x18 ./HALL/LED.o
                0x000050f0                LED5_TurnOn
 .text.LED1_TurnOff
                0x00005108       0x18 ./HALL/LED.o
                0x00005108                LED1_TurnOff
 .text.LED2_TurnOff
                0x00005120       0x18 ./HALL/LED.o
                0x00005120                LED2_TurnOff
 .text.LED3_TurnOff
                0x00005138       0x18 ./HALL/LED.o
                0x00005138                LED3_TurnOff
 .text.LED4_TurnOff
                0x00005150       0x18 ./HALL/LED.o
                0x00005150                LED4_TurnOff
 .text.LED5_TurnOff
                0x00005168       0x18 ./HALL/LED.o
                0x00005168                LED5_TurnOff
 .text.LED0_Toggle
                0x00005180       0x16 ./HALL/LED.o
                0x00005180                LED0_Toggle
 .text.all_led_init
                0x00005196       0x22 ./HALL/LED.o
                0x00005196                all_led_init
 .text.ServoMotor_Init
                0x000051b8       0x12 ./HALL/Servo.o
                0x000051b8                ServoMotor_Init
 .text.ServoMotor_Set_Degree
                0x000051ca       0x5c ./HALL/Servo.o
                0x000051ca                ServoMotor_Set_Degree
 .text.TEMP_Init
                0x00005226       0x12 ./HALL/TEMP.o
                0x00005226                TEMP_Init
 .text.TEMP_Read
                0x00005238       0x88 ./HALL/TEMP.o
                0x00005238                TEMP_Read
 .text.main     0x000052c0      0x16e ./main.o
                0x000052c0                main
 .text.libgcc   0x0000542e       0x3e e:/course/1/winavr/bin/../lib/gcc/avr/4.3.3/avr5\libgcc.a(_mulsi3.o)
                0x0000542e                __mulsi3
 .text.libgcc   0x0000546c       0x28 e:/course/1/winavr/bin/../lib/gcc/avr/4.3.3/avr5\libgcc.a(_udivmodhi4.o)
                0x0000546c                __udivmodhi4
 .text.libgcc   0x00005494       0x44 e:/course/1/winavr/bin/../lib/gcc/avr/4.3.3/avr5\libgcc.a(_udivmodsi4.o)
                0x00005494                __udivmodsi4
 .text.libgcc   0x000054d8       0x36 e:/course/1/winavr/bin/../lib/gcc/avr/4.3.3/avr5\libgcc.a(_divmodsi4.o)
                0x000054d8                __divmodsi4
 .text.libgcc   0x0000550e        0x0 e:/course/1/winavr/bin/../lib/gcc/avr/4.3.3/avr5\libgcc.a(_exit.o)
 .text.libgcc   0x0000550e        0x0 e:/course/1/winavr/bin/../lib/gcc/avr/4.3.3/avr5\libgcc.a(_copy_data.o)
 .text.libgcc   0x0000550e        0x0 e:/course/1/winavr/bin/../lib/gcc/avr/4.3.3/avr5\libgcc.a(_clear_bss.o)
 .text.libgcc   0x0000550e       0x38 e:/course/1/winavr/bin/../lib/gcc/avr/4.3.3/avr5\libgcc.a(_prologue.o)
                0x0000550e                __prologue_saves__
 .text.libgcc   0x00005546       0x36 e:/course/1/winavr/bin/../lib/gcc/avr/4.3.3/avr5\libgcc.a(_epilogue.o)
                0x00005546                __epilogue_restores__
                0x0000557c                . = ALIGN (0x2)
 *(.fini9)
 .fini9         0x0000557c        0x0 e:/course/1/winavr/bin/../lib/gcc/avr/4.3.3/avr5\libgcc.a(_exit.o)
                0x0000557c                exit
                0x0000557c                _exit
 *(.fini9)
 *(.fini8)
 *(.fini8)
 *(.fini7)
 *(.fini7)
 *(.fini6)
 *(.fini6)
 *(.fini5)
 *(.fini5)
 *(.fini4)
 *(.fini4)
 *(.fini3)
 *(.fini3)
 *(.fini2)
 *(.fini2)
 *(.fini1)
 *(.fini1)
 *(.fini0)
 .fini0         0x0000557c        0x4 e:/course/1/winavr/bin/../lib/gcc/avr/4.3.3/avr5\libgcc.a(_exit.o)
 *(.fini0)
                0x00005580                _etext = .

.data           0x00800060      0x26a load address 0x00005580
                0x00800060                PROVIDE (__data_start, .)
 *(.data)
 .data          0x00800060        0x0 e:/course/1/winavr/bin/../lib/gcc/avr/4.3.3/../../../../avr/lib/avr5/crtm32.o
 .data          0x00800060       0x56 ./app/login.o
 .data          0x008000b6       0xd6 ./app/menu.o
 .data          0x0080018c        0x0 ./MCAL/ADC.o
 .data          0x0080018c        0x0 ./MCAL/DIO.o
 .data          0x0080018c        0x0 ./MCAL/EXT_INTERRUPT.o
 .data          0x0080018c        0x0 ./MCAL/I2C.o
 .data          0x0080018c        0x0 ./MCAL/TIMER.o
 .data          0x0080018c        0x0 ./MCAL/UART.o
 .data          0x0080018c        0x0 ./HALL/BUZZER.o
 .data          0x0080018c        0x0 ./HALL/EEPROM.o
 .data          0x0080018c        0x0 ./HALL/KEYPAD.o
 .data          0x0080018c        0x0 ./HALL/LCD.o
 .data          0x0080018c        0x0 ./HALL/LED.o
 .data          0x0080018c        0x0 ./HALL/Servo.o
 .data          0x0080018c        0x0 ./HALL/TEMP.o
 .data          0x0080018c        0x0 ./main.o
 .data          0x0080018c        0x0 e:/course/1/winavr/bin/../lib/gcc/avr/4.3.3/avr5\libgcc.a(_mulsi3.o)
 .data          0x0080018c        0x0 e:/course/1/winavr/bin/../lib/gcc/avr/4.3.3/avr5\libgcc.a(_udivmodhi4.o)
 .data          0x0080018c        0x0 e:/course/1/winavr/bin/../lib/gcc/avr/4.3.3/avr5\libgcc.a(_udivmodsi4.o)
 .data          0x0080018c        0x0 e:/course/1/winavr/bin/../lib/gcc/avr/4.3.3/avr5\libgcc.a(_divmodsi4.o)
 .data          0x0080018c        0x0 e:/course/1/winavr/bin/../lib/gcc/avr/4.3.3/avr5\libgcc.a(_exit.o)
 .data          0x0080018c        0x0 e:/course/1/winavr/bin/../lib/gcc/avr/4.3.3/avr5\libgcc.a(_copy_data.o)
 .data          0x0080018c        0x0 e:/course/1/winavr/bin/../lib/gcc/avr/4.3.3/avr5\libgcc.a(_clear_bss.o)
 .data          0x0080018c        0x0 e:/course/1/winavr/bin/../lib/gcc/avr/4.3.3/avr5\libgcc.a(_fixunssfsi.o)
 .data          0x0080018c        0x0 e:/course/1/winavr/bin/../lib/gcc/avr/4.3.3/avr5\libgcc.a(_addsub_sf.o)
 .data          0x0080018c        0x0 e:/course/1/winavr/bin/../lib/gcc/avr/4.3.3/avr5\libgcc.a(_mul_sf.o)
 .data          0x0080018c        0x0 e:/course/1/winavr/bin/../lib/gcc/avr/4.3.3/avr5\libgcc.a(_div_sf.o)
 .data          0x0080018c        0x0 e:/course/1/winavr/bin/../lib/gcc/avr/4.3.3/avr5\libgcc.a(_gt_sf.o)
 .data          0x0080018c        0x0 e:/course/1/winavr/bin/../lib/gcc/avr/4.3.3/avr5\libgcc.a(_ge_sf.o)
 .data          0x0080018c        0x0 e:/course/1/winavr/bin/../lib/gcc/avr/4.3.3/avr5\libgcc.a(_lt_sf.o)
 .data          0x0080018c        0x0 e:/course/1/winavr/bin/../lib/gcc/avr/4.3.3/avr5\libgcc.a(_sf_to_si.o)
 .data          0x0080018c        0x8 e:/course/1/winavr/bin/../lib/gcc/avr/4.3.3/avr5\libgcc.a(_thenan_sf.o)
                0x0080018c                __thenan_sf
 .data          0x00800194        0x0 e:/course/1/winavr/bin/../lib/gcc/avr/4.3.3/avr5\libgcc.a(_usi_to_sf.o)
 .data          0x00800194        0x0 e:/course/1/winavr/bin/../lib/gcc/avr/4.3.3/avr5\libgcc.a(_prologue.o)
 .data          0x00800194        0x0 e:/course/1/winavr/bin/../lib/gcc/avr/4.3.3/avr5\libgcc.a(_epilogue.o)
 .data          0x00800194        0x0 e:/course/1/winavr/bin/../lib/gcc/avr/4.3.3/avr5\libgcc.a(_clzsi2.o)
 .data          0x00800194        0x0 e:/course/1/winavr/bin/../lib/gcc/avr/4.3.3/avr5\libgcc.a(_pack_sf.o)
 .data          0x00800194        0x0 e:/course/1/winavr/bin/../lib/gcc/avr/4.3.3/avr5\libgcc.a(_unpack_sf.o)
 .data          0x00800194        0x0 e:/course/1/winavr/bin/../lib/gcc/avr/4.3.3/avr5\libgcc.a(_fpcmp_parts_sf.o)
 .data          0x00800194      0x100 e:/course/1/winavr/bin/../lib/gcc/avr/4.3.3/avr5\libgcc.a(_clz.o)
                0x00800194                __clz_tab
 *(.data*)
 .data.admin_name
                0x00800294        0x4 ./app/login.o
                0x00800294                admin_name
 .data.admin_pass
                0x00800298        0x4 ./app/login.o
                0x00800298                admin_pass
 .data.numPass.1402
                0x0080029c        0x2 ./app/login.o
 .data.adminPass.1598
                0x0080029e        0x2 ./app/login.o
 .data.adminUsers.1597
                0x008002a0        0x2 ./app/login.o
 *(.rodata)
 *(.rodata*)
 .rodata.C.0.1363
                0x008002a2        0x8 ./HALL/EEPROM.o
 .rodata.KeyPad_Values
                0x008002aa       0x10 ./HALL/KEYPAD.o
                0x008002aa                KeyPad_Values
 .rodata.KeyPad_Values.1294
                0x008002ba       0x10 ./HALL/KEYPAD.o
 *(.gnu.linkonce.d*)
                0x008002ca                . = ALIGN (0x2)
                0x008002ca                _edata = .
                0x008002ca                PROVIDE (__data_end, .)

.bss            0x008002ca       0x23
                0x008002ca                PROVIDE (__bss_start, .)
 *(.bss)
 .bss           0x008002ca        0x0 e:/course/1/winavr/bin/../lib/gcc/avr/4.3.3/../../../../avr/lib/avr5/crtm32.o
 .bss           0x008002ca        0x0 ./app/login.o
 .bss           0x008002ca        0x0 ./app/menu.o
 .bss           0x008002ca        0x0 ./MCAL/ADC.o
 .bss           0x008002ca        0x0 ./MCAL/DIO.o
 .bss           0x008002ca        0x0 ./MCAL/EXT_INTERRUPT.o
 .bss           0x008002ca        0x0 ./MCAL/I2C.o
 .bss           0x008002ca        0x0 ./MCAL/TIMER.o
 .bss           0x008002ca        0x0 ./MCAL/UART.o
 .bss           0x008002ca        0x0 ./HALL/BUZZER.o
 .bss           0x008002ca        0x0 ./HALL/EEPROM.o
 .bss           0x008002ca        0x0 ./HALL/KEYPAD.o
 .bss           0x008002ca        0x0 ./HALL/LCD.o
 .bss           0x008002ca        0x0 ./HALL/LED.o
 .bss           0x008002ca        0x0 ./HALL/Servo.o
 .bss           0x008002ca        0x0 ./HALL/TEMP.o
 .bss           0x008002ca        0x0 ./main.o
 .bss           0x008002ca        0x0 e:/course/1/winavr/bin/../lib/gcc/avr/4.3.3/avr5\libgcc.a(_mulsi3.o)
 .bss           0x008002ca        0x0 e:/course/1/winavr/bin/../lib/gcc/avr/4.3.3/avr5\libgcc.a(_udivmodhi4.o)
 .bss           0x008002ca        0x0 e:/course/1/winavr/bin/../lib/gcc/avr/4.3.3/avr5\libgcc.a(_udivmodsi4.o)
 .bss           0x008002ca        0x0 e:/course/1/winavr/bin/../lib/gcc/avr/4.3.3/avr5\libgcc.a(_divmodsi4.o)
 .bss           0x008002ca        0x0 e:/course/1/winavr/bin/../lib/gcc/avr/4.3.3/avr5\libgcc.a(_exit.o)
 .bss           0x008002ca        0x0 e:/course/1/winavr/bin/../lib/gcc/avr/4.3.3/avr5\libgcc.a(_copy_data.o)
 .bss           0x008002ca        0x0 e:/course/1/winavr/bin/../lib/gcc/avr/4.3.3/avr5\libgcc.a(_clear_bss.o)
 .bss           0x008002ca        0x0 e:/course/1/winavr/bin/../lib/gcc/avr/4.3.3/avr5\libgcc.a(_fixunssfsi.o)
 .bss           0x008002ca        0x0 e:/course/1/winavr/bin/../lib/gcc/avr/4.3.3/avr5\libgcc.a(_addsub_sf.o)
 .bss           0x008002ca        0x0 e:/course/1/winavr/bin/../lib/gcc/avr/4.3.3/avr5\libgcc.a(_mul_sf.o)
 .bss           0x008002ca        0x0 e:/course/1/winavr/bin/../lib/gcc/avr/4.3.3/avr5\libgcc.a(_div_sf.o)
 .bss           0x008002ca        0x0 e:/course/1/winavr/bin/../lib/gcc/avr/4.3.3/avr5\libgcc.a(_gt_sf.o)
 .bss           0x008002ca        0x0 e:/course/1/winavr/bin/../lib/gcc/avr/4.3.3/avr5\libgcc.a(_ge_sf.o)
 .bss           0x008002ca        0x0 e:/course/1/winavr/bin/../lib/gcc/avr/4.3.3/avr5\libgcc.a(_lt_sf.o)
 .bss           0x008002ca        0x0 e:/course/1/winavr/bin/../lib/gcc/avr/4.3.3/avr5\libgcc.a(_sf_to_si.o)
 .bss           0x008002ca        0x0 e:/course/1/winavr/bin/../lib/gcc/avr/4.3.3/avr5\libgcc.a(_thenan_sf.o)
 .bss           0x008002ca        0x0 e:/course/1/winavr/bin/../lib/gcc/avr/4.3.3/avr5\libgcc.a(_usi_to_sf.o)
 .bss           0x008002ca        0x0 e:/course/1/winavr/bin/../lib/gcc/avr/4.3.3/avr5\libgcc.a(_prologue.o)
 .bss           0x008002ca        0x0 e:/course/1/winavr/bin/../lib/gcc/avr/4.3.3/avr5\libgcc.a(_epilogue.o)
 .bss           0x008002ca        0x0 e:/course/1/winavr/bin/../lib/gcc/avr/4.3.3/avr5\libgcc.a(_clzsi2.o)
 .bss           0x008002ca        0x0 e:/course/1/winavr/bin/../lib/gcc/avr/4.3.3/avr5\libgcc.a(_pack_sf.o)
 .bss           0x008002ca        0x0 e:/course/1/winavr/bin/../lib/gcc/avr/4.3.3/avr5\libgcc.a(_unpack_sf.o)
 .bss           0x008002ca        0x0 e:/course/1/winavr/bin/../lib/gcc/avr/4.3.3/avr5\libgcc.a(_fpcmp_parts_sf.o)
 .bss           0x008002ca        0x0 e:/course/1/winavr/bin/../lib/gcc/avr/4.3.3/avr5\libgcc.a(_clz.o)
 *(.bss*)
 .bss.numUsers.1401
                0x008002ca        0x2 ./app/login.o
 .bss.count.1396
                0x008002cc        0x2 ./app/login.o
 .bss.erase.1521
                0x008002ce        0x1 ./app/login.o
 .bss.Number_OVF
                0x008002cf        0x4 ./MCAL/TIMER.o
                0x008002cf                Number_OVF
 .bss.INIAL_VALUE
                0x008002d3        0x4 ./MCAL/TIMER.o
                0x008002d3                INIAL_VALUE
 .bss.Num_OVF1  0x008002d7        0x4 ./MCAL/TIMER.o
                0x008002d7                Num_OVF1
 .bss.ICR_CAPT1
                0x008002db        0x4 ./MCAL/TIMER.o
                0x008002db                ICR_CAPT1
 .bss.ICR_CAPT2
                0x008002df        0x4 ./MCAL/TIMER.o
                0x008002df                ICR_CAPT2
 .bss.ICR_CAPT3
                0x008002e3        0x4 ./MCAL/TIMER.o
                0x008002e3                ICR_CAPT3
 .bss.ICR_COUNTER
                0x008002e7        0x4 ./MCAL/TIMER.o
                0x008002e7                ICR_COUNTER
 *(COMMON)
 COMMON         0x008002eb        0x2 ./main.o
                0x008002eb                x
                0x008002ed                PROVIDE (__bss_end, .)
                0x00005580                __data_load_start = LOADADDR (.data)
                0x000057ea                __data_load_end = (__data_load_start + SIZEOF (.data))

.noinit         0x008002ed        0x0
                0x008002ed                PROVIDE (__noinit_start, .)
 *(.noinit*)
                0x008002ed                PROVIDE (__noinit_end, .)
                0x008002ed                _end = .
                0x008002ed                PROVIDE (__heap_start, .)

.eeprom         0x00810000        0x0
 *(.eeprom*)
                0x00810000                __eeprom_end = .

.fuse
 *(.fuse)
 *(.lfuse)
 *(.hfuse)
 *(.efuse)

.lock
 *(.lock*)

.signature
 *(.signature*)

.stab           0x00000000     0x648c
 *(.stab)
 .stab          0x00000000     0x16c8 ./app/login.o
 .stab          0x000016c8     0x1398 ./app/menu.o
                               0x15b4 (size before relaxing)
 .stab          0x00002a60      0x2b8 ./MCAL/ADC.o
                                0x444 (size before relaxing)
 .stab          0x00002d18      0x648 ./MCAL/DIO.o
                                0x654 (size before relaxing)
 .stab          0x00003360      0x204 ./MCAL/EXT_INTERRUPT.o
                                0x288 (size before relaxing)
 .stab          0x00003564      0x3c0 ./MCAL/I2C.o
                                0x444 (size before relaxing)
 .stab          0x00003924      0x75c ./MCAL/TIMER.o
                                0x990 (size before relaxing)
 .stab          0x00004080      0x2dc ./MCAL/UART.o
                                0x510 (size before relaxing)
 .stab          0x0000435c      0x21c ./HALL/BUZZER.o
                                0x228 (size before relaxing)
 .stab          0x00004578      0x51c ./HALL/EEPROM.o
                                0x6d8 (size before relaxing)
 .stab          0x00004a94      0x324 ./HALL/KEYPAD.o
                                0x540 (size before relaxing)
 .stab          0x00004db8      0xab0 ./HALL/LCD.o
                                0xccc (size before relaxing)
 .stab          0x00005868      0x468 ./HALL/LED.o
                                0x4f8 (size before relaxing)
 .stab          0x00005cd0      0x204 ./HALL/Servo.o
                                0x444 (size before relaxing)
 .stab          0x00005ed4      0x234 ./HALL/TEMP.o
                                0x240 (size before relaxing)
 .stab          0x00006108      0x384 ./main.o
                                0x5e8 (size before relaxing)

.stabstr        0x00000000     0x1afb
 *(.stabstr)
 .stabstr       0x00000000     0x1afb ./app/login.o

.stab.excl
 *(.stab.excl)

.stab.exclstr
 *(.stab.exclstr)

.stab.index
 *(.stab.index)

.stab.indexstr
 *(.stab.indexstr)

.comment
 *(.comment)

.debug
 *(.debug)

.line
 *(.line)

.debug_srcinfo
 *(.debug_srcinfo)

.debug_sfnames
 *(.debug_sfnames)

.debug_aranges  0x00000000      0x1a0
 *(.debug_aranges)
 .debug_aranges
                0x00000000       0x20 e:/course/1/winavr/bin/../lib/gcc/avr/4.3.3/avr5\libgcc.a(_fixunssfsi.o)
 .debug_aranges
                0x00000020       0x20 e:/course/1/winavr/bin/../lib/gcc/avr/4.3.3/avr5\libgcc.a(_addsub_sf.o)
 .debug_aranges
                0x00000040       0x20 e:/course/1/winavr/bin/../lib/gcc/avr/4.3.3/avr5\libgcc.a(_mul_sf.o)
 .debug_aranges
                0x00000060       0x20 e:/course/1/winavr/bin/../lib/gcc/avr/4.3.3/avr5\libgcc.a(_div_sf.o)
 .debug_aranges
                0x00000080       0x20 e:/course/1/winavr/bin/../lib/gcc/avr/4.3.3/avr5\libgcc.a(_gt_sf.o)
 .debug_aranges
                0x000000a0       0x20 e:/course/1/winavr/bin/../lib/gcc/avr/4.3.3/avr5\libgcc.a(_ge_sf.o)
 .debug_aranges
                0x000000c0       0x20 e:/course/1/winavr/bin/../lib/gcc/avr/4.3.3/avr5\libgcc.a(_lt_sf.o)
 .debug_aranges
                0x000000e0       0x20 e:/course/1/winavr/bin/../lib/gcc/avr/4.3.3/avr5\libgcc.a(_sf_to_si.o)
 .debug_aranges
                0x00000100       0x20 e:/course/1/winavr/bin/../lib/gcc/avr/4.3.3/avr5\libgcc.a(_usi_to_sf.o)
 .debug_aranges
                0x00000120       0x20 e:/course/1/winavr/bin/../lib/gcc/avr/4.3.3/avr5\libgcc.a(_clzsi2.o)
 .debug_aranges
                0x00000140       0x20 e:/course/1/winavr/bin/../lib/gcc/avr/4.3.3/avr5\libgcc.a(_pack_sf.o)
 .debug_aranges
                0x00000160       0x20 e:/course/1/winavr/bin/../lib/gcc/avr/4.3.3/avr5\libgcc.a(_unpack_sf.o)
 .debug_aranges
                0x00000180       0x20 e:/course/1/winavr/bin/../lib/gcc/avr/4.3.3/avr5\libgcc.a(_fpcmp_parts_sf.o)

.debug_pubnames
                0x00000000      0x1f2
 *(.debug_pubnames)
 .debug_pubnames
                0x00000000       0x23 e:/course/1/winavr/bin/../lib/gcc/avr/4.3.3/avr5\libgcc.a(_fixunssfsi.o)
 .debug_pubnames
                0x00000023       0x2c e:/course/1/winavr/bin/../lib/gcc/avr/4.3.3/avr5\libgcc.a(_addsub_sf.o)
 .debug_pubnames
                0x0000004f       0x1f e:/course/1/winavr/bin/../lib/gcc/avr/4.3.3/avr5\libgcc.a(_mul_sf.o)
 .debug_pubnames
                0x0000006e       0x1f e:/course/1/winavr/bin/../lib/gcc/avr/4.3.3/avr5\libgcc.a(_div_sf.o)
 .debug_pubnames
                0x0000008d       0x1e e:/course/1/winavr/bin/../lib/gcc/avr/4.3.3/avr5\libgcc.a(_gt_sf.o)
 .debug_pubnames
                0x000000ab       0x1e e:/course/1/winavr/bin/../lib/gcc/avr/4.3.3/avr5\libgcc.a(_ge_sf.o)
 .debug_pubnames
                0x000000c9       0x1e e:/course/1/winavr/bin/../lib/gcc/avr/4.3.3/avr5\libgcc.a(_lt_sf.o)
 .debug_pubnames
                0x000000e7       0x20 e:/course/1/winavr/bin/../lib/gcc/avr/4.3.3/avr5\libgcc.a(_sf_to_si.o)
 .debug_pubnames
                0x00000107       0x22 e:/course/1/winavr/bin/../lib/gcc/avr/4.3.3/avr5\libgcc.a(_thenan_sf.o)
 .debug_pubnames
                0x00000129       0x24 e:/course/1/winavr/bin/../lib/gcc/avr/4.3.3/avr5\libgcc.a(_usi_to_sf.o)
 .debug_pubnames
                0x0000014d       0x1f e:/course/1/winavr/bin/../lib/gcc/avr/4.3.3/avr5\libgcc.a(_clzsi2.o)
 .debug_pubnames
                0x0000016c       0x1f e:/course/1/winavr/bin/../lib/gcc/avr/4.3.3/avr5\libgcc.a(_pack_sf.o)
 .debug_pubnames
                0x0000018b       0x21 e:/course/1/winavr/bin/../lib/gcc/avr/4.3.3/avr5\libgcc.a(_unpack_sf.o)
 .debug_pubnames
                0x000001ac       0x26 e:/course/1/winavr/bin/../lib/gcc/avr/4.3.3/avr5\libgcc.a(_fpcmp_parts_sf.o)
 .debug_pubnames
                0x000001d2       0x20 e:/course/1/winavr/bin/../lib/gcc/avr/4.3.3/avr5\libgcc.a(_clz.o)

.debug_info     0x00000000     0x240b
 *(.debug_info)
 .debug_info    0x00000000       0xb1 e:/course/1/winavr/bin/../lib/gcc/avr/4.3.3/avr5\libgcc.a(_fixunssfsi.o)
 .debug_info    0x000000b1      0x47a e:/course/1/winavr/bin/../lib/gcc/avr/4.3.3/avr5\libgcc.a(_addsub_sf.o)
 .debug_info    0x0000052b      0x485 e:/course/1/winavr/bin/../lib/gcc/avr/4.3.3/avr5\libgcc.a(_mul_sf.o)
 .debug_info    0x000009b0      0x3fc e:/course/1/winavr/bin/../lib/gcc/avr/4.3.3/avr5\libgcc.a(_div_sf.o)
 .debug_info    0x00000dac      0x27f e:/course/1/winavr/bin/../lib/gcc/avr/4.3.3/avr5\libgcc.a(_gt_sf.o)
 .debug_info    0x0000102b      0x27f e:/course/1/winavr/bin/../lib/gcc/avr/4.3.3/avr5\libgcc.a(_ge_sf.o)
 .debug_info    0x000012aa      0x27f e:/course/1/winavr/bin/../lib/gcc/avr/4.3.3/avr5\libgcc.a(_lt_sf.o)
 .debug_info    0x00001529      0x2b0 e:/course/1/winavr/bin/../lib/gcc/avr/4.3.3/avr5\libgcc.a(_sf_to_si.o)
 .debug_info    0x000017d9      0x12c e:/course/1/winavr/bin/../lib/gcc/avr/4.3.3/avr5\libgcc.a(_thenan_sf.o)
 .debug_info    0x00001905      0x206 e:/course/1/winavr/bin/../lib/gcc/avr/4.3.3/avr5\libgcc.a(_usi_to_sf.o)
 .debug_info    0x00001b0b      0x117 e:/course/1/winavr/bin/../lib/gcc/avr/4.3.3/avr5\libgcc.a(_clzsi2.o)
 .debug_info    0x00001c22      0x2df e:/course/1/winavr/bin/../lib/gcc/avr/4.3.3/avr5\libgcc.a(_pack_sf.o)
 .debug_info    0x00001f01      0x251 e:/course/1/winavr/bin/../lib/gcc/avr/4.3.3/avr5\libgcc.a(_unpack_sf.o)
 .debug_info    0x00002152      0x210 e:/course/1/winavr/bin/../lib/gcc/avr/4.3.3/avr5\libgcc.a(_fpcmp_parts_sf.o)
 .debug_info    0x00002362       0xa9 e:/course/1/winavr/bin/../lib/gcc/avr/4.3.3/avr5\libgcc.a(_clz.o)
 *(.gnu.linkonce.wi.*)

.debug_abbrev   0x00000000     0x1386
 *(.debug_abbrev)
 .debug_abbrev  0x00000000       0x5d e:/course/1/winavr/bin/../lib/gcc/avr/4.3.3/avr5\libgcc.a(_fixunssfsi.o)
 .debug_abbrev  0x0000005d      0x1ea e:/course/1/winavr/bin/../lib/gcc/avr/4.3.3/avr5\libgcc.a(_addsub_sf.o)
 .debug_abbrev  0x00000247      0x21b e:/course/1/winavr/bin/../lib/gcc/avr/4.3.3/avr5\libgcc.a(_mul_sf.o)
 .debug_abbrev  0x00000462      0x216 e:/course/1/winavr/bin/../lib/gcc/avr/4.3.3/avr5\libgcc.a(_div_sf.o)
 .debug_abbrev  0x00000678      0x15a e:/course/1/winavr/bin/../lib/gcc/avr/4.3.3/avr5\libgcc.a(_gt_sf.o)
 .debug_abbrev  0x000007d2      0x15a e:/course/1/winavr/bin/../lib/gcc/avr/4.3.3/avr5\libgcc.a(_ge_sf.o)
 .debug_abbrev  0x0000092c      0x15a e:/course/1/winavr/bin/../lib/gcc/avr/4.3.3/avr5\libgcc.a(_lt_sf.o)
 .debug_abbrev  0x00000a86      0x17f e:/course/1/winavr/bin/../lib/gcc/avr/4.3.3/avr5\libgcc.a(_sf_to_si.o)
 .debug_abbrev  0x00000c05       0xad e:/course/1/winavr/bin/../lib/gcc/avr/4.3.3/avr5\libgcc.a(_thenan_sf.o)
 .debug_abbrev  0x00000cb2      0x157 e:/course/1/winavr/bin/../lib/gcc/avr/4.3.3/avr5\libgcc.a(_usi_to_sf.o)
 .debug_abbrev  0x00000e09       0xc4 e:/course/1/winavr/bin/../lib/gcc/avr/4.3.3/avr5\libgcc.a(_clzsi2.o)
 .debug_abbrev  0x00000ecd      0x1c0 e:/course/1/winavr/bin/../lib/gcc/avr/4.3.3/avr5\libgcc.a(_pack_sf.o)
 .debug_abbrev  0x0000108d      0x154 e:/course/1/winavr/bin/../lib/gcc/avr/4.3.3/avr5\libgcc.a(_unpack_sf.o)
 .debug_abbrev  0x000011e1      0x13b e:/course/1/winavr/bin/../lib/gcc/avr/4.3.3/avr5\libgcc.a(_fpcmp_parts_sf.o)
 .debug_abbrev  0x0000131c       0x6a e:/course/1/winavr/bin/../lib/gcc/avr/4.3.3/avr5\libgcc.a(_clz.o)

.debug_line     0x00000000     0x11d6
 *(.debug_line)
 .debug_line    0x00000000       0xa7 e:/course/1/winavr/bin/../lib/gcc/avr/4.3.3/avr5\libgcc.a(_fixunssfsi.o)
 .debug_line    0x000000a7      0x2af e:/course/1/winavr/bin/../lib/gcc/avr/4.3.3/avr5\libgcc.a(_addsub_sf.o)
 .debug_line    0x00000356      0x239 e:/course/1/winavr/bin/../lib/gcc/avr/4.3.3/avr5\libgcc.a(_mul_sf.o)
 .debug_line    0x0000058f      0x1d5 e:/course/1/winavr/bin/../lib/gcc/avr/4.3.3/avr5\libgcc.a(_div_sf.o)
 .debug_line    0x00000764       0xd3 e:/course/1/winavr/bin/../lib/gcc/avr/4.3.3/avr5\libgcc.a(_gt_sf.o)
 .debug_line    0x00000837       0xd3 e:/course/1/winavr/bin/../lib/gcc/avr/4.3.3/avr5\libgcc.a(_ge_sf.o)
 .debug_line    0x0000090a       0xd3 e:/course/1/winavr/bin/../lib/gcc/avr/4.3.3/avr5\libgcc.a(_lt_sf.o)
 .debug_line    0x000009dd      0x109 e:/course/1/winavr/bin/../lib/gcc/avr/4.3.3/avr5\libgcc.a(_sf_to_si.o)
 .debug_line    0x00000ae6       0x90 e:/course/1/winavr/bin/../lib/gcc/avr/4.3.3/avr5\libgcc.a(_thenan_sf.o)
 .debug_line    0x00000b76      0x133 e:/course/1/winavr/bin/../lib/gcc/avr/4.3.3/avr5\libgcc.a(_usi_to_sf.o)
 .debug_line    0x00000ca9       0xa5 e:/course/1/winavr/bin/../lib/gcc/avr/4.3.3/avr5\libgcc.a(_clzsi2.o)
 .debug_line    0x00000d4e      0x18a e:/course/1/winavr/bin/../lib/gcc/avr/4.3.3/avr5\libgcc.a(_pack_sf.o)
 .debug_line    0x00000ed8      0x14b e:/course/1/winavr/bin/../lib/gcc/avr/4.3.3/avr5\libgcc.a(_unpack_sf.o)
 .debug_line    0x00001023      0x137 e:/course/1/winavr/bin/../lib/gcc/avr/4.3.3/avr5\libgcc.a(_fpcmp_parts_sf.o)
 .debug_line    0x0000115a       0x7c e:/course/1/winavr/bin/../lib/gcc/avr/4.3.3/avr5\libgcc.a(_clz.o)

.debug_frame    0x00000000      0x1c0
 *(.debug_frame)
 .debug_frame   0x00000000       0x20 e:/course/1/winavr/bin/../lib/gcc/avr/4.3.3/avr5\libgcc.a(_fixunssfsi.o)
 .debug_frame   0x00000020       0x40 e:/course/1/winavr/bin/../lib/gcc/avr/4.3.3/avr5\libgcc.a(_addsub_sf.o)
 .debug_frame   0x00000060       0x20 e:/course/1/winavr/bin/../lib/gcc/avr/4.3.3/avr5\libgcc.a(_mul_sf.o)
 .debug_frame   0x00000080       0x20 e:/course/1/winavr/bin/../lib/gcc/avr/4.3.3/avr5\libgcc.a(_div_sf.o)
 .debug_frame   0x000000a0       0x20 e:/course/1/winavr/bin/../lib/gcc/avr/4.3.3/avr5\libgcc.a(_gt_sf.o)
 .debug_frame   0x000000c0       0x20 e:/course/1/winavr/bin/../lib/gcc/avr/4.3.3/avr5\libgcc.a(_ge_sf.o)
 .debug_frame   0x000000e0       0x20 e:/course/1/winavr/bin/../lib/gcc/avr/4.3.3/avr5\libgcc.a(_lt_sf.o)
 .debug_frame   0x00000100       0x20 e:/course/1/winavr/bin/../lib/gcc/avr/4.3.3/avr5\libgcc.a(_sf_to_si.o)
 .debug_frame   0x00000120       0x20 e:/course/1/winavr/bin/../lib/gcc/avr/4.3.3/avr5\libgcc.a(_usi_to_sf.o)
 .debug_frame   0x00000140       0x20 e:/course/1/winavr/bin/../lib/gcc/avr/4.3.3/avr5\libgcc.a(_clzsi2.o)
 .debug_frame   0x00000160       0x20 e:/course/1/winavr/bin/../lib/gcc/avr/4.3.3/avr5\libgcc.a(_pack_sf.o)
 .debug_frame   0x00000180       0x20 e:/course/1/winavr/bin/../lib/gcc/avr/4.3.3/avr5\libgcc.a(_unpack_sf.o)
 .debug_frame   0x000001a0       0x20 e:/course/1/winavr/bin/../lib/gcc/avr/4.3.3/avr5\libgcc.a(_fpcmp_parts_sf.o)

.debug_str      0x00000000      0x2f6
 *(.debug_str)
 .debug_str     0x00000000       0xbf e:/course/1/winavr/bin/../lib/gcc/avr/4.3.3/avr5\libgcc.a(_fixunssfsi.o)
                                 0xfe (size before relaxing)
 .debug_str     0x000000bf      0x14d e:/course/1/winavr/bin/../lib/gcc/avr/4.3.3/avr5\libgcc.a(_addsub_sf.o)
                                0x206 (size before relaxing)
 .debug_str     0x0000020c       0x27 e:/course/1/winavr/bin/../lib/gcc/avr/4.3.3/avr5\libgcc.a(_mul_sf.o)
                                0x1bf (size before relaxing)
 .debug_str     0x00000233       0x35 e:/course/1/winavr/bin/../lib/gcc/avr/4.3.3/avr5\libgcc.a(_div_sf.o)
                                0x1c8 (size before relaxing)
 .debug_str     0x00000268        0x8 e:/course/1/winavr/bin/../lib/gcc/avr/4.3.3/avr5\libgcc.a(_gt_sf.o)
                                0x195 (size before relaxing)
 .debug_str     0x00000270        0x8 e:/course/1/winavr/bin/../lib/gcc/avr/4.3.3/avr5\libgcc.a(_ge_sf.o)
                                0x195 (size before relaxing)
 .debug_str     0x00000278        0x8 e:/course/1/winavr/bin/../lib/gcc/avr/4.3.3/avr5\libgcc.a(_lt_sf.o)
                                0x195 (size before relaxing)
 .debug_str     0x00000280        0xa e:/course/1/winavr/bin/../lib/gcc/avr/4.3.3/avr5\libgcc.a(_sf_to_si.o)
                                0x19e (size before relaxing)
 .debug_str     0x00000000      0x103 e:/course/1/winavr/bin/../lib/gcc/avr/4.3.3/avr5\libgcc.a(_thenan_sf.o)
 .debug_str     0x0000028a       0x21 e:/course/1/winavr/bin/../lib/gcc/avr/4.3.3/avr5\libgcc.a(_usi_to_sf.o)
                                0x177 (size before relaxing)
 .debug_str     0x000002ab       0x20 e:/course/1/winavr/bin/../lib/gcc/avr/4.3.3/avr5\libgcc.a(_clzsi2.o)
                                0x111 (size before relaxing)
 .debug_str     0x000002cb       0x10 e:/course/1/winavr/bin/../lib/gcc/avr/4.3.3/avr5\libgcc.a(_pack_sf.o)
                                0x19d (size before relaxing)
 .debug_str     0x000002db        0xb e:/course/1/winavr/bin/../lib/gcc/avr/4.3.3/avr5\libgcc.a(_unpack_sf.o)
                                0x17f (size before relaxing)
 .debug_str     0x000002e6       0x10 e:/course/1/winavr/bin/../lib/gcc/avr/4.3.3/avr5\libgcc.a(_fpcmp_parts_sf.o)
                                0x163 (size before relaxing)
 .debug_str     0x00000000       0xf4 e:/course/1/winavr/bin/../lib/gcc/avr/4.3.3/avr5\libgcc.a(_clz.o)

.debug_loc      0x00000000      0x96e
 *(.debug_loc)
 .debug_loc     0x00000000       0x34 e:/course/1/winavr/bin/../lib/gcc/avr/4.3.3/avr5\libgcc.a(_fixunssfsi.o)
 .debug_loc     0x00000034      0x32a e:/course/1/winavr/bin/../lib/gcc/avr/4.3.3/avr5\libgcc.a(_addsub_sf.o)
 .debug_loc     0x0000035e      0x104 e:/course/1/winavr/bin/../lib/gcc/avr/4.3.3/avr5\libgcc.a(_mul_sf.o)
 .debug_loc     0x00000462       0xc0 e:/course/1/winavr/bin/../lib/gcc/avr/4.3.3/avr5\libgcc.a(_div_sf.o)
 .debug_loc     0x00000522       0x3c e:/course/1/winavr/bin/../lib/gcc/avr/4.3.3/avr5\libgcc.a(_gt_sf.o)
 .debug_loc     0x0000055e       0x3c e:/course/1/winavr/bin/../lib/gcc/avr/4.3.3/avr5\libgcc.a(_ge_sf.o)
 .debug_loc     0x0000059a       0x3c e:/course/1/winavr/bin/../lib/gcc/avr/4.3.3/avr5\libgcc.a(_lt_sf.o)
 .debug_loc     0x000005d6       0x7e e:/course/1/winavr/bin/../lib/gcc/avr/4.3.3/avr5\libgcc.a(_sf_to_si.o)
 .debug_loc     0x00000654       0x4c e:/course/1/winavr/bin/../lib/gcc/avr/4.3.3/avr5\libgcc.a(_usi_to_sf.o)
 .debug_loc     0x000006a0       0x94 e:/course/1/winavr/bin/../lib/gcc/avr/4.3.3/avr5\libgcc.a(_clzsi2.o)
 .debug_loc     0x00000734      0x13e e:/course/1/winavr/bin/../lib/gcc/avr/4.3.3/avr5\libgcc.a(_pack_sf.o)
 .debug_loc     0x00000872       0xac e:/course/1/winavr/bin/../lib/gcc/avr/4.3.3/avr5\libgcc.a(_unpack_sf.o)
 .debug_loc     0x0000091e       0x50 e:/course/1/winavr/bin/../lib/gcc/avr/4.3.3/avr5\libgcc.a(_fpcmp_parts_sf.o)

.debug_macinfo
 *(.debug_macinfo)
OUTPUT(Smart_Home.elf elf32-avr)
LOAD linker stubs

.debug_ranges   0x00000000       0x50
 .debug_ranges  0x00000000       0x50 e:/course/1/winavr/bin/../lib/gcc/avr/4.3.3/avr5\libgcc.a(_mul_sf.o)
